################################################################################
#                                                                              #
#      IAR Universal Linker V5.4.1.30                                          #
#                                                                              #
#           Link time     =  22/Jul/2013  21:37:55                             #
#           Target CPU    =  MSP430                                            #
#           List file     =  C:\Users\embarc\Documents\Projetos\Innovix\Firmwa #
#                            re\Wireless\EndDevice\List\wireless.map           #
#           Output file 1 =  C:\Users\embarc\Documents\Projetos\Innovix\Firmwa #
#                            re\Wireless\EndDevice\Exe\wireless.d43            #
#                            Format: debug                                     #
#                            UBROF version 10.0.6                              #
#                            Using library modules for C-SPY (-rt)             #
#           Command line  =  C:\Users\embarc\Documents\Projetos\Innovix\Firmwa #
#                            re\Wireless\EndDevice\Obj\button.r43              #
#                            C:\Users\embarc\Documents\Projetos\Innovix\Firmwa #
#                            re\Wireless\EndDevice\Obj\edOperationMachine.r43  #
#                            C:\Users\embarc\Documents\Projetos\Innovix\Firmwa #
#                            re\Wireless\EndDevice\Obj\flashParam.r43          #
#                            C:\Users\embarc\Documents\Projetos\Innovix\Firmwa #
#                            re\Wireless\EndDevice\Obj\led.r43                 #
#                            C:\Users\embarc\Documents\Projetos\Innovix\Firmwa #
#                            re\Wireless\EndDevice\Obj\main.r43                #
#                            C:\Users\embarc\Documents\Projetos\Innovix\Firmwa #
#                            re\Wireless\EndDevice\Obj\radio.r43               #
#                            C:\Users\embarc\Documents\Projetos\Innovix\Firmwa #
#                            re\Wireless\EndDevice\Obj\scrambler.r43           #
#                            C:\Users\embarc\Documents\Projetos\Innovix\Firmwa #
#                            re\Wireless\EndDevice\Obj\watchdog.r43            #
#                            -o                                                #
#                            C:\Users\embarc\Documents\Projetos\Innovix\Firmwa #
#                            re\Wireless\EndDevice\Exe\wireless.d43            #
#                            -l                                                #
#                            C:\Users\embarc\Documents\Projetos\Innovix\Firmwa #
#                            re\Wireless\EndDevice\List\wireless.map           #
#                            -xms                                              #
#                            "-IC:\Program Files (x86)\IAR Systems\Embedded Wo #
#                            rkbench 6.4\430\LIB\"                             #
#                            -f                                                #
#                            C:\Users\embarc\Documents\Projetos\Innovix\Firmwa #
#                            re\Wireless\lnkcc430F5137_custom.xcl              #
#                            (-cmsp430 -QCODE_I=CODE_ID                        #
#                            -Z(DATA)RAMCODE,DATA16_I,DATA16_Z,DATA16_N,DATA16 #
#                            _HEAP+_DATA16_HEAP_SIZE=1C00-2BFD                 #
#                            -Z(DATA)CODE_I -Z(DATA)CSTACK+_STACK_SIZE#        #
#                            -Z(CONST)INFO=1800-19FF                           #
#                            -Z(CONST)INFOA=1980-19FF                          #
#                            -Z(CONST)INFOB=1900-197F                          #
#                            -Z(CONST)INFOC=1880-18FF                          #
#                            -Z(CONST)INFOD=1800-187F                          #
#                            -Z(CONST)DATA16_C,DATA16_ID,DIFUNCT,CHECKSUM=8000 #
#                            -FF7F                                             #
#                            -QRAMCODE=FLASHCODE                               #
#                            -Z(CODE)FLASHCODE,CSTART,ISR_CODE,CODE_ID=8000-FF #
#                            7F                                                #
#                            -P(CODE)FHASHCODE,CODE=8000-FF7F                  #
#                            -Z(CODE)INTVEC=FF80-FFFF                          #
#                            -Z(CODE)RESET=FFFE-FFFF) -f                       #
#                            "C:\Program Files (x86)\IAR Systems\Embedded Work #
#                            bench 6.4\430\config\multiplier32_loc2.xcl"       #
#                            (-e?Mul8HwLoc2=?Mul8 -e?Mul16HwLoc2=?Mul16        #
#                            -e?Mul16to32uHwLoc2=?Mul16to32u                   #
#                            -e?Mul16to32sHwLoc2=?Mul16to32s                   #
#                            -e?Mul32Hw32Loc2=?Mul32                           #
#                            -e?Mul64Hw32Loc2=_Mul64i                          #
#                            -e?Mul32u32uto64iHw32Loc2=_Mul32u32uto64i         #
#                            -e?Mul32fHwLoc2=_Mul32f                           #
#                            -e_Mul64fHwPtrLoc2=_Mul64fPtr) -D_STACK_SIZE=50   #
#                            -rt                                               #
#                            "C:\Program Files (x86)\IAR Systems\Embedded Work #
#                            bench 6.4\430\LIB\DLIB\dl430xsfn.r43"             #
#                            -e_PrintfLarge=_Printf -e_ScanfLarge=_Scanf       #
#                            -D_DATA16_HEAP_SIZE=50 -s __program_start         #
#                            -D_DATA20_HEAP_SIZE=50                            #
#                                                                              #
#                           Copyright (C) 1987-2012 IAR Systems AB.            #
################################################################################





                ****************************************
                *                                      *
                *           CROSS REFERENCE            *
                *                                      *
                ****************************************

       Program entry at :           838A  Relocatable, from module : ?cstart




                ****************************************
                *                                      *
                *            RUNTIME MODEL             *
                *                                      *
                ****************************************

  __Heap_Handler             = Basic
  __SystemLibrary            = DLib
  __core                     = 430X
  __data_model               = small
  __dlib_file_descriptor     = 0
  __dlib_full_locale_support = 0
  __double_size              = 32
  __pic                      = no
  __reg_r4                   = free
  __reg_r5                   = free
  __rt_version               = 3

                ****************************************
                *                                      *
                *    AUTOMATIC SYMBOL REDIRECTIONS     *
                *                                      *
                ****************************************

                  There are no automatic symbol redirections.



                ****************************************
                *                                      *
                *              MODULE MAP              *
                *                                      *
                ****************************************


  DEFINED ABSOLUTE ENTRIES
    *************************************************************************

  DEFINED ABSOLUTE ENTRIES
  PROGRAM MODULE, NAME : ?ABS_ENTRY_MOD

Absolute parts
           ENTRY                   ADDRESS         REF BY
           =====                   =======         ======
           _DATA20_HEAP_SIZE       0050 
           _DATA16_HEAP_SIZE       0050 
           _STACK_SIZE             0050 
    *************************************************************************

  FILE NAME : C:\Users\embarc\Documents\Projetos\Innovix\Firmware\Wireless\EndDevice\Obj\button.r43
  PROGRAM MODULE, NAME : button

  SEGMENTS IN THE MODULE
  ======================
DATA16_AN
  Relative segment, address: 020E - 020F (0x2 bytes), align: 0
  Segment part 1. ROOT.       Intra module refs:   PORT1_ISR
           ENTRY                   ADDRESS         REF BY
           =====                   =======         ======
           P1IV                    020E 
    -------------------------------------------------------------------------
DATA16_AN
  Relative segment, address: 021E - 021F (0x2 bytes), align: 0
  Segment part 2. ROOT.       Intra module refs:   PORT2_ISR
           ENTRY                   ADDRESS         REF BY
           =====                   =======         ======
           P2IV                    021E 
    -------------------------------------------------------------------------
DATA16_I
  Relative segment, address: 1C28 - 1C4D (0x26 bytes), align: 1
  Segment part 6.
           ENTRY                   ADDRESS         REF BY
           =====                   =======         ======
           btConfig                1C28            opInit (edOperationMachine)
    -------------------------------------------------------------------------
DATA16_I
  Relative segment, address: 1C4E - 1C73 (0x26 bytes), align: 1
  Segment part 8.
           ENTRY                   ADDRESS         REF BY
           =====                   =======         ======
           btSense                 1C4E            opInit (edOperationMachine)
    -------------------------------------------------------------------------
<CODE> 1 (was CODE)
  Relative segment, address: 8CEA - 8DCF (0xe6 bytes), align: 1
  Segment part 18.            Intra module refs:   Segment part 7
                                                   Segment part 9
           ENTRY                   ADDRESS         REF BY
           =====                   =======         ======
           buttonInit              8CEA 
               calls indirect
               CSTACK = 00000000 ( 00000006 )
    -------------------------------------------------------------------------
<CODE> 1 (was CODE)
  Relative segment, address: 999A - 99A3 (0xa bytes), align: 1
  Segment part 17.            Intra module refs:   buttonInit
           ENTRY                   ADDRESS         REF BY
           =====                   =======         ======
           buttonClear             999A 
               CSTACK = 00000000 ( 00000004 )
    -------------------------------------------------------------------------
<CODE> 1 (was CODE)
  Relative segment, address: 9406 - 9489 (0x84 bytes), align: 1
  Segment part 16.            Intra module refs:   buttonInit
           ENTRY                   ADDRESS         REF BY
           =====                   =======         ======
           buttonIntEnable         9406 
               calls indirect
               CSTACK = 00000000 ( 00000006 )
    -------------------------------------------------------------------------
<CODE> 1 (was CODE)
  Relative segment, address: 9870 - 9891 (0x22 bytes), align: 1
  Segment part 15.            Intra module refs:   buttonInit
           ENTRY                   ADDRESS         REF BY
           =====                   =======         ======
           buttonIntDisable        9870 
               CSTACK = 00000000 ( 00000004 )
    -------------------------------------------------------------------------
<CODE> 1 (was CODE)
  Relative segment, address: 9924 - 993B (0x18 bytes), align: 1
  Segment part 14.            Intra module refs:   buttonInit
           ENTRY                   ADDRESS         REF BY
           =====                   =======         ======
           buttonGet               9924 
               CSTACK = 00000000 ( 00000004 )
    -------------------------------------------------------------------------
<CODE> 1 (was CODE)
  Relative segment, address: 980A - 982B (0x22 bytes), align: 1
  Segment part 13.            Intra module refs:   buttonInit
           ENTRY                   ADDRESS         REF BY
           =====                   =======         ======
           buttonGetPin            980A 
               CSTACK = 00000000 ( 00000004 )
    -------------------------------------------------------------------------
<CODE> 1 (was CODE)
  Relative segment, address: 8BDC - 8CE9 (0x10e bytes), align: 1
  Segment part 12.            Intra module refs:   buttonInit
           ENTRY                   ADDRESS         REF BY
           =====                   =======         ======
           buttonRun               8BDC 
               CSTACK = 00000000 ( 00000004 )
    -------------------------------------------------------------------------
ISR_CODE
  Relative segment, address: 83A6 - 83B7 (0x12 bytes), align: 1
  Segment part 11.            Intra module refs:   PORT1_ISR::??INTVEC 98
           ENTRY                   ADDRESS         REF BY
           =====                   =======         ======
           PORT1_ISR               83A6 
               interrupt function
               CSTACK = 00000000 ( 00000006 )
    -------------------------------------------------------------------------
ISR_CODE
  Relative segment, address: 83B8 - 83C9 (0x12 bytes), align: 1
  Segment part 10.            Intra module refs:   PORT2_ISR::??INTVEC 96
           ENTRY                   ADDRESS         REF BY
           =====                   =======         ======
           PORT2_ISR               83B8 
               interrupt function
               CSTACK = 00000000 ( 00000006 )
    -------------------------------------------------------------------------
INTVEC
  Common segment, address: FF80 - FFE1 (0x62 bytes), align: 1
  Segment part 3. ROOT.
           ENTRY                   ADDRESS         REF BY
           =====                   =======         ======
           PORT2_ISR::??INTVEC 96
                                   FFE0 
    -------------------------------------------------------------------------
INTVEC
  Common segment, address: FF80 - FFE3 (0x64 bytes), align: 1
  Segment part 4. ROOT.
           ENTRY                   ADDRESS         REF BY
           =====                   =======         ======
           PORT1_ISR::??INTVEC 98
                                   FFE2 
    -------------------------------------------------------------------------
DATA16_ID
  Relative segment, address: 805A - 807F (0x26 bytes), align: 1
  Segment part 7.             Intra module refs:   btConfig
    -------------------------------------------------------------------------
DATA16_ID
  Relative segment, address: 8080 - 80A5 (0x26 bytes), align: 1
  Segment part 9.             Intra module refs:   btSense

    *************************************************************************

  FILE NAME : C:\Users\embarc\Documents\Projetos\Innovix\Firmware\Wireless\EndDevice\Obj\edOperationMachine.r43
  PROGRAM MODULE, NAME : edOperationMachine

  SEGMENTS IN THE MODULE
  ======================
DATA16_AN
  Relative segment, address: 0380 - 0381 (0x2 bytes), align: 0
  Segment part 1. ROOT.       Intra module refs:   opInit
                                                   opRun
           ENTRY                   ADDRESS         REF BY
           =====                   =======         ======
           TA1CTL                  0380 
    -------------------------------------------------------------------------
DATA16_AN
  Relative segment, address: 0382 - 0383 (0x2 bytes), align: 0
  Segment part 2. ROOT.       Intra module refs:   opInit
           ENTRY                   ADDRESS         REF BY
           =====                   =======         ======
           TA1CCTL0                0382 
    -------------------------------------------------------------------------
DATA16_AN
  Relative segment, address: 0392 - 0393 (0x2 bytes), align: 0
  Segment part 3. ROOT.       Intra module refs:   opInit
                                                   opRun
           ENTRY                   ADDRESS         REF BY
           =====                   =======         ======
           TA1CCR0                 0392 
    -------------------------------------------------------------------------
DATA16_AN
  Relative segment, address: 03A0 - 03A1 (0x2 bytes), align: 0
  Segment part 4. ROOT.       Intra module refs:   opRun
           ENTRY                   ADDRESS         REF BY
           =====                   =======         ======
           TA1EX0                  03A0 
    -------------------------------------------------------------------------
DATA16_I
  Relative segment, address: 1F14 - 1F22 (0xf bytes), align: 0
  Segment part 9.             Intra module refs:   opRun
           ENTRY                   ADDRESS         REF BY
           =====                   =======         ======
           discoveryPkg            1F14 
    -------------------------------------------------------------------------
DATA16_I
  Relative segment, address: 1F23 - 1F2F (0xd bytes), align: 0
  Segment part 11.            Intra module refs:   opRun
           ENTRY                   ADDRESS         REF BY
           =====                   =======         ======
           statusPkg               1F23 
    -------------------------------------------------------------------------
DATA16_I
  Relative segment, address: 1C74 - 1DA9 (0x136 bytes), align: 1
  Segment part 13.            Intra module refs:   TIMER1_A0_ISR
           ENTRY                   ADDRESS         REF BY
           =====                   =======         ======
           operationMachine        1C74            main (main)
    -------------------------------------------------------------------------
<CODE> 1 (was CODE)
  Relative segment, address: 8AAA - 8BDB (0x132 bytes), align: 1
  Segment part 20.            Intra module refs:   Segment part 14
           ENTRY                   ADDRESS         REF BY
           =====                   =======         ======
           opInit                  8AAA 
               calls indirect
               CSTACK = 00000000 ( 0000000A )
    -------------------------------------------------------------------------
<CODE> 1 (was CODE)
  Relative segment, address: 83E8 - 8AA9 (0x6c2 bytes), align: 1
  Segment part 19.            Intra module refs:   opInit
           ENTRY                   ADDRESS         REF BY
           =====                   =======         ======
           opRun                   83E8 
               calls direct and indirect
               CSTACK = 00000000 ( 0000000E )
    -------------------------------------------------------------------------
<CODE> 1 (was CODE)
  Relative segment, address: 993C - 9951 (0x16 bytes), align: 1
  Segment part 18.            Intra module refs:   opInit
           ENTRY                   ADDRESS         REF BY
           =====                   =======         ======
           opSetState              993C 
               calls indirect
               CSTACK = 00000000 ( 00000004 )
    -------------------------------------------------------------------------
<CODE> 1 (was CODE)
  Relative segment, address: 99A4 - 99AD (0xa bytes), align: 1
  Segment part 17.            Intra module refs:   opInit
           ENTRY                   ADDRESS         REF BY
           =====                   =======         ======
           opSetTimeout            99A4 
               CSTACK = 00000000 ( 00000004 )
    -------------------------------------------------------------------------
<CODE> 1 (was CODE)
  Relative segment, address: 95A6 - 95ED (0x48 bytes), align: 1
  Segment part 16.            Intra module refs:   opInit
           ENTRY                   ADDRESS         REF BY
           =====                   =======         ======
           opIncTimer              95A6 
               calls indirect
               CSTACK = 00000000 ( 00000006 )
    -------------------------------------------------------------------------
ISR_CODE
  Relative segment, address: 83CA - 83E7 (0x1e bytes), align: 1
  Segment part 15.            Intra module refs:   TIMER1_A0_ISR::??INTVEC 102
           ENTRY                   ADDRESS         REF BY
           =====                   =======         ======
           TIMER1_A0_ISR           83CA 
               interrupt function
               calls indirect
               CSTACK = 00000000 ( 0000000C )
    -------------------------------------------------------------------------
INTVEC
  Common segment, address: FF80 - FFE7 (0x68 bytes), align: 1
  Segment part 5. ROOT.
           ENTRY                   ADDRESS         REF BY
           =====                   =======         ======
           TIMER1_A0_ISR::??INTVEC 102
                                   FFE6 
    -------------------------------------------------------------------------
DATA16_ID
  Relative segment, address: 8346 - 8354 (0xf bytes), align: 0
  Segment part 10.            Intra module refs:   discoveryPkg
    -------------------------------------------------------------------------
DATA16_ID
  Relative segment, address: 8355 - 8361 (0xd bytes), align: 0
  Segment part 12.            Intra module refs:   statusPkg
    -------------------------------------------------------------------------
DATA16_ID
  Relative segment, address: 80A6 - 81DB (0x136 bytes), align: 1
  Segment part 14.            Intra module refs:   operationMachine

    *************************************************************************

  FILE NAME : C:\Users\embarc\Documents\Projetos\Innovix\Firmware\Wireless\EndDevice\Obj\flashParam.r43
  PROGRAM MODULE, NAME : flashParam

  SEGMENTS IN THE MODULE
  ======================
DATA16_AN
  Relative segment, address: 0140 - 0141 (0x2 bytes), align: 0
  Segment part 1. ROOT.       Intra module refs:   infoErase
                                                   infoWB
           ENTRY                   ADDRESS         REF BY
           =====                   =======         ======
           _A_FCTL1_L              0140 
           LOCAL                   ADDRESS         
           =====                   =======         
           FCTL1                   0140 
           FCTL1_H                 0141 
           FCTL1_L                 0140 
    -------------------------------------------------------------------------
DATA16_AN
  Relative segment, address: 0144 - 0145 (0x2 bytes), align: 0
  Segment part 2. ROOT.       Intra module refs:   infoErase
                                                   infoWB
           ENTRY                   ADDRESS         REF BY
           =====                   =======         ======
           _A_FCTL3_L              0144 
           LOCAL                   ADDRESS         
           =====                   =======         
           FCTL3                   0144 
           FCTL3_H                 0145 
           FCTL3_L                 0144 
    -------------------------------------------------------------------------
DATA16_I
  Relative segment, address: 1DAA - 1DBF (0x16 bytes), align: 1
  Segment part 4.             Intra module refs:   flashParamInit
                                                   flashParamLoad
                                                   flashParamReset
                                                   flashParamUpdate
           ENTRY                   ADDRESS         REF BY
           =====                   =======         ======
           flashParam              1DAA            opInit (edOperationMachine)
    -------------------------------------------------------------------------
<CODE> 1 (was CODE)
  Relative segment, address: 955C - 95A5 (0x4a bytes), align: 1
  Segment part 13.            Intra module refs:   Segment part 5
           ENTRY                   ADDRESS         REF BY
           =====                   =======         ======
           flashParamInit          955C 
               calls direct and indirect
               CSTACK = 00000000 ( 00000004 )
    -------------------------------------------------------------------------
<CODE> 1 (was CODE)
  Relative segment, address: 9964 - 9973 (0x10 bytes), align: 1
  Segment part 12.            Intra module refs:   flashParamInit
           ENTRY                   ADDRESS         REF BY
           =====                   =======         ======
           flashParamLoad          9964 
               CSTACK = 00000000 ( 00000004 )
    -------------------------------------------------------------------------
<CODE> 1 (was CODE)
  Relative segment, address: 99D4 - 99D7 (0x4 bytes), align: 1
  Segment part 11.            Intra module refs:   flashParamInit
           ENTRY                   ADDRESS         REF BY
           =====                   =======         ======
           flashParamValidate      99D4 
               CSTACK = 00000000 ( 00000004 )
    -------------------------------------------------------------------------
<CODE> 1 (was CODE)
  Relative segment, address: 9990 - 9999 (0xa bytes), align: 1
  Segment part 10.            Intra module refs:   flashParamInit
           ENTRY                   ADDRESS         REF BY
           =====                   =======         ======
           flashParamReset         9990 
               CSTACK = 00000000 ( 00000004 )
    -------------------------------------------------------------------------
<CODE> 1 (was CODE)
  Relative segment, address: 98EE - 990B (0x1e bytes), align: 1
  Segment part 9.             Intra module refs:   flashParamInit
           ENTRY                   ADDRESS         REF BY
           =====                   =======         ======
           flashParamUpdate        98EE 
               calls direct
               CSTACK = 00000000 ( 00000004 )
    -------------------------------------------------------------------------
<CODE> 1 (was CODE)
  Relative segment, address: 96E0 - 970F (0x30 bytes), align: 1
  Segment part 8.             Intra module refs:   flashParamInit
           ENTRY                   ADDRESS         REF BY
           =====                   =======         ======
           copyFlashToRam          96E0 
               CSTACK = 00000000 ( 00000006 )
    -------------------------------------------------------------------------
<CODE> 1 (was CODE)
  Relative segment, address: 9768 - 9791 (0x2a bytes), align: 1
  Segment part 7.             Intra module refs:   flashParamUpdate
           ENTRY                   ADDRESS         REF BY
           =====                   =======         ======
           infoWB                  9768 
               CSTACK = 00000000 ( 00000004 )
    -------------------------------------------------------------------------
RAMCODE
  Relative segment, address: 1C00 - 1C27 (0x28 bytes), align: 1
  Segment part 6.             Intra module refs:   flashParamUpdate
           ENTRY                   ADDRESS         REF BY
           =====                   =======         ======
           infoErase               1C00 
               CSTACK = 00000000 ( 00000004 )
    -------------------------------------------------------------------------
DATA16_ID
  Relative segment, address: 81DC - 81F1 (0x16 bytes), align: 1
  Segment part 5.             Intra module refs:   flashParam
    -------------------------------------------------------------------------
FLASHCODE
  Relative segment, address: 8362 - 8389 (0x28 bytes), align: 1
  Segment part 18.            Intra module refs:   infoErase

    *************************************************************************

  FILE NAME : C:\Users\embarc\Documents\Projetos\Innovix\Firmware\Wireless\EndDevice\Obj\led.r43
  PROGRAM MODULE, NAME : led

  SEGMENTS IN THE MODULE
  ======================
DATA16_I
  Relative segment, address: 1DC0 - 1DEB (0x2c bytes), align: 1
  Segment part 2.
           ENTRY                   ADDRESS         REF BY
           =====                   =======         ======
           led1                    1DC0            opInit (edOperationMachine)
    -------------------------------------------------------------------------
<CODE> 1 (was CODE)
  Relative segment, address: 8EAC - 8F79 (0xce bytes), align: 1
  Segment part 9.             Intra module refs:   Segment part 3
           ENTRY                   ADDRESS         REF BY
           =====                   =======         ======
           ledInit                 8EAC 
               CSTACK = 00000000 ( 00000004 )
    -------------------------------------------------------------------------
<CODE> 1 (was CODE)
  Relative segment, address: 98B2 - 98CF (0x1e bytes), align: 1
  Segment part 8.             Intra module refs:   ledInit
           ENTRY                   ADDRESS         REF BY
           =====                   =======         ======
           ledOn                   98B2 
               CSTACK = 00000000 ( 00000004 )
    -------------------------------------------------------------------------
<CODE> 1 (was CODE)
  Relative segment, address: 98D0 - 98ED (0x1e bytes), align: 1
  Segment part 7.             Intra module refs:   ledInit
           ENTRY                   ADDRESS         REF BY
           =====                   =======         ======
           ledOff                  98D0 
               CSTACK = 00000000 ( 00000004 )
    -------------------------------------------------------------------------
<CODE> 1 (was CODE)
  Relative segment, address: 9634 - 9671 (0x3e bytes), align: 1
  Segment part 6.             Intra module refs:   ledInit
           ENTRY                   ADDRESS         REF BY
           =====                   =======         ======
           ledBlink                9634 
               calls indirect
               CSTACK = 00000000 ( 00000008 )
    -------------------------------------------------------------------------
<CODE> 1 (was CODE)
  Relative segment, address: 99BE - 99C3 (0x6 bytes), align: 1
  Segment part 5.             Intra module refs:   ledInit
           ENTRY                   ADDRESS         REF BY
           =====                   =======         ======
           ledGetState             99BE 
               CSTACK = 00000000 ( 00000004 )
    -------------------------------------------------------------------------
<CODE> 1 (was CODE)
  Relative segment, address: 8DD0 - 8EAB (0xdc bytes), align: 1
  Segment part 4.             Intra module refs:   ledInit
           ENTRY                   ADDRESS         REF BY
           =====                   =======         ======
           ledRun                  8DD0 
               CSTACK = 00000000 ( 00000004 )
    -------------------------------------------------------------------------
DATA16_ID
  Relative segment, address: 81F2 - 821D (0x2c bytes), align: 1
  Segment part 3.             Intra module refs:   led1

    *************************************************************************

  FILE NAME : C:\Users\embarc\Documents\Projetos\Innovix\Firmware\Wireless\EndDevice\Obj\main.r43
  PROGRAM MODULE, NAME : main

  SEGMENTS IN THE MODULE
  ======================
DATA16_AN
  Relative segment, address: 0202 - 0203 (0x2 bytes), align: 0
  Segment part 1. ROOT.       Intra module refs:   initCore
           ENTRY                   ADDRESS         REF BY
           =====                   =======         ======
           _A_PAOUT_L              0202 
           LOCAL                   ADDRESS         
           =====                   =======         
           PAOUT                   0202 
           PAOUT_H                 0203 
           PAOUT_L                 0202 
    -------------------------------------------------------------------------
DATA16_AN
  Relative segment, address: 0204 - 0205 (0x2 bytes), align: 0
  Segment part 2. ROOT.       Intra module refs:   initCore
           ENTRY                   ADDRESS         REF BY
           =====                   =======         ======
           _A_PADIR_L              0204 
           LOCAL                   ADDRESS         
           =====                   =======         
           PADIR                   0204 
           PADIR_H                 0205 
           PADIR_L                 0204 
    -------------------------------------------------------------------------
DATA16_AN
  Relative segment, address: 0222 - 0223 (0x2 bytes), align: 0
  Segment part 3. ROOT.       Intra module refs:   initCore
           ENTRY                   ADDRESS         REF BY
           =====                   =======         ======
           _A_PBOUT_L              0222 
           LOCAL                   ADDRESS         
           =====                   =======         
           PBOUT                   0222 
           PBOUT_H                 0223 
           PBOUT_L                 0222 
    -------------------------------------------------------------------------
DATA16_AN
  Relative segment, address: 0224 - 0225 (0x2 bytes), align: 0
  Segment part 4. ROOT.       Intra module refs:   initCore
           ENTRY                   ADDRESS         REF BY
           =====                   =======         ======
           _A_PBDIR_L              0224 
           LOCAL                   ADDRESS         
           =====                   =======         
           PBDIR                   0224 
           PBDIR_H                 0225 
           PBDIR_L                 0224 
    -------------------------------------------------------------------------
DATA16_AN
  Relative segment, address: 0242 - 0243 (0x2 bytes), align: 0
  Segment part 5. ROOT.       Intra module refs:   initCore
           ENTRY                   ADDRESS         REF BY
           =====                   =======         ======
           _A_PCOUT_L              0242 
           LOCAL                   ADDRESS         
           =====                   =======         
           PCOUT                   0242 
           PCOUT_H                 0243 
           PCOUT_L                 0242 
    -------------------------------------------------------------------------
DATA16_AN
  Relative segment, address: 0244 - 0245 (0x2 bytes), align: 0
  Segment part 6. ROOT.       Intra module refs:   initCore
           ENTRY                   ADDRESS         REF BY
           =====                   =======         ======
           _A_PCDIR_L              0244 
           LOCAL                   ADDRESS         
           =====                   =======         
           PCDIR                   0244 
           PCDIR_H                 0245 
           PCDIR_L                 0244 
    -------------------------------------------------------------------------
DATA16_AN
  Relative segment, address: 0322 - 0323 (0x2 bytes), align: 0
  Segment part 7. ROOT.       Intra module refs:   initCore
           ENTRY                   ADDRESS         REF BY
           =====                   =======         ======
           _A_PJOUT_L              0322 
           LOCAL                   ADDRESS         
           =====                   =======         
           PJOUT                   0322 
           PJOUT_H                 0323 
           PJOUT_L                 0322 
    -------------------------------------------------------------------------
DATA16_AN
  Relative segment, address: 0324 - 0325 (0x2 bytes), align: 0
  Segment part 8. ROOT.       Intra module refs:   initCore
           ENTRY                   ADDRESS         REF BY
           =====                   =======         ======
           _A_PJDIR_L              0324 
           LOCAL                   ADDRESS         
           =====                   =======         
           PJDIR                   0324 
           PJDIR_H                 0325 
           PJDIR_L                 0324 
    -------------------------------------------------------------------------
DATA16_AN
  Relative segment, address: 0120 - 0121 (0x2 bytes), align: 0
  Segment part 9. ROOT.       Intra module refs:   SetVCore
                                                   SetVCoreDown
                                                   SetVCoreUp
                                                   initCore
           ENTRY                   ADDRESS         REF BY
           =====                   =======         ======
           _A_PMMCTL0_L            0120 
           LOCAL                   ADDRESS         
           =====                   =======         
           PMMCTL0                 0120 
           PMMCTL0_H               0121 
           PMMCTL0_L               0120 
    -------------------------------------------------------------------------
DATA16_AN
  Relative segment, address: 0124 - 0125 (0x2 bytes), align: 0
  Segment part 10. ROOT.      Intra module refs:   SetVCoreUp
           ENTRY                   ADDRESS         REF BY
           =====                   =======         ======
           _A_SVSMHCTL_L           0124 
           LOCAL                   ADDRESS         
           =====                   =======         
           SVSMHCTL                0124 
           SVSMHCTL_H              0125 
           SVSMHCTL_L              0124 
    -------------------------------------------------------------------------
DATA16_AN
  Relative segment, address: 0126 - 0127 (0x2 bytes), align: 0
  Segment part 11. ROOT.      Intra module refs:   SetVCoreDown
                                                   SetVCoreUp
           ENTRY                   ADDRESS         REF BY
           =====                   =======         ======
           _A_SVSMLCTL_L           0126 
           LOCAL                   ADDRESS         
           =====                   =======         
           SVSMLCTL                0126 
           SVSMLCTL_H              0127 
           SVSMLCTL_L              0126 
    -------------------------------------------------------------------------
DATA16_AN
  Relative segment, address: 012C - 012D (0x2 bytes), align: 0
  Segment part 12. ROOT.      Intra module refs:   SetVCoreDown
                                                   SetVCoreUp
           ENTRY                   ADDRESS         REF BY
           =====                   =======         ======
           _A_PMMIFG_L             012C 
           LOCAL                   ADDRESS         
           =====                   =======         
           PMMIFG                  012C 
           PMMIFG_H                012D 
           PMMIFG_L                012C 
    -------------------------------------------------------------------------
DATA16_AN
  Relative segment, address: 0102 - 0103 (0x2 bytes), align: 0
  Segment part 13. ROOT.      Intra module refs:   initCore
           ENTRY                   ADDRESS         REF BY
           =====                   =======         ======
           _A_SFRIFG1_L            0102 
           LOCAL                   ADDRESS         
           =====                   =======         
           SFRIFG1                 0102 
           SFRIFG1_H               0103 
           SFRIFG1_L               0102 
    -------------------------------------------------------------------------
DATA16_AN
  Relative segment, address: 0160 - 0161 (0x2 bytes), align: 0
  Segment part 14. ROOT.      Intra module refs:   initCore
           ENTRY                   ADDRESS         REF BY
           =====                   =======         ======
           _A_UCSCTL0_L            0160 
           LOCAL                   ADDRESS         
           =====                   =======         
           UCSCTL0                 0160 
           UCSCTL0_H               0161 
           UCSCTL0_L               0160 
    -------------------------------------------------------------------------
DATA16_AN
  Relative segment, address: 0162 - 0163 (0x2 bytes), align: 0
  Segment part 15. ROOT.      Intra module refs:   initCore
           ENTRY                   ADDRESS         REF BY
           =====                   =======         ======
           _A_UCSCTL1_L            0162 
           LOCAL                   ADDRESS         
           =====                   =======         
           UCSCTL1                 0162 
           UCSCTL1_H               0163 
           UCSCTL1_L               0162 
    -------------------------------------------------------------------------
DATA16_AN
  Relative segment, address: 0164 - 0165 (0x2 bytes), align: 0
  Segment part 16. ROOT.      Intra module refs:   initCore
           ENTRY                   ADDRESS         REF BY
           =====                   =======         ======
           _A_UCSCTL2_L            0164 
           LOCAL                   ADDRESS         
           =====                   =======         
           UCSCTL2                 0164 
           UCSCTL2_H               0165 
           UCSCTL2_L               0164 
    -------------------------------------------------------------------------
DATA16_AN
  Relative segment, address: 0166 - 0167 (0x2 bytes), align: 0
  Segment part 17. ROOT.      Intra module refs:   initCore
           ENTRY                   ADDRESS         REF BY
           =====                   =======         ======
           _A_UCSCTL3_L            0166 
           LOCAL                   ADDRESS         
           =====                   =======         
           UCSCTL3                 0166 
           UCSCTL3_H               0167 
           UCSCTL3_L               0166 
    -------------------------------------------------------------------------
DATA16_AN
  Relative segment, address: 0168 - 0169 (0x2 bytes), align: 0
  Segment part 18. ROOT.      Intra module refs:   initCore
           ENTRY                   ADDRESS         REF BY
           =====                   =======         ======
           _A_UCSCTL4_L            0168 
           LOCAL                   ADDRESS         
           =====                   =======         
           UCSCTL4                 0168 
           UCSCTL4_H               0169 
           UCSCTL4_L               0168 
    -------------------------------------------------------------------------
DATA16_AN
  Relative segment, address: 016E - 016F (0x2 bytes), align: 0
  Segment part 19. ROOT.      Intra module refs:   initCore
           ENTRY                   ADDRESS         REF BY
           =====                   =======         ======
           _A_UCSCTL7_L            016E 
           LOCAL                   ADDRESS         
           =====                   =======         
           UCSCTL7                 016E 
           UCSCTL7_H               016F 
           UCSCTL7_L               016E 
    -------------------------------------------------------------------------
<CODE> 1 (was CODE)
  Relative segment, address: 984E - 986F (0x22 bytes), align: 1
  Segment part 25.
           ENTRY                   ADDRESS         REF BY
           =====                   =======         ======
           main                    984E            Segment part 22 (?cstart)
               calls direct and indirect
               CSTACK = 00000000 ( 00000004 )
    -------------------------------------------------------------------------
<CODE> 1 (was CODE)
  Relative segment, address: 9502 - 955B (0x5a bytes), align: 1
  Segment part 22.            Intra module refs:   SetVCore
           ENTRY                   ADDRESS         REF BY
           =====                   =======         ======
           SetVCoreUp              9502 
               CSTACK = 00000000 ( 00000004 )
    -------------------------------------------------------------------------
<CODE> 1 (was CODE)
  Relative segment, address: 9792 - 97BB (0x2a bytes), align: 1
  Segment part 21.            Intra module refs:   SetVCore
           ENTRY                   ADDRESS         REF BY
           =====                   =======         ======
           SetVCoreDown            9792 
               CSTACK = 00000000 ( 00000004 )
    -------------------------------------------------------------------------
<CODE> 1 (was CODE)
  Relative segment, address: 9710 - 973B (0x2c bytes), align: 1
  Segment part 23.            Intra module refs:   initCore
           ENTRY                   ADDRESS         REF BY
           =====                   =======         ======
           SetVCore                9710 
               calls direct
               CSTACK = 00000000 ( 00000006 )
    -------------------------------------------------------------------------
<CODE> 1 (was CODE)
  Relative segment, address: 9262 - 92F5 (0x94 bytes), align: 1
  Segment part 24.            Intra module refs:   main
           ENTRY                   ADDRESS         REF BY
           =====                   =======         ======
           initCore                9262 
               calls direct
               CSTACK = 00000000 ( 00000004 )

    *************************************************************************

  FILE NAME : C:\Users\embarc\Documents\Projetos\Innovix\Firmware\Wireless\EndDevice\Obj\radio.r43
  PROGRAM MODULE, NAME : radio

  SEGMENTS IN THE MODULE
  ======================
DATA16_AN
  Relative segment, address: 0F02 - 0F03 (0x2 bytes), align: 0
  Segment part 1. ROOT.       Intra module refs:   radioConfig
                                                   radioReadReg
                                                   radioReadRxFifo
                                                   radioStrobe
                                                   radioWriteReg
                                                   radioWriteTxFifo
           ENTRY                   ADDRESS         REF BY
           =====                   =======         ======
           _A_RF1AIFCTL1_L         0F02 
           LOCAL                   ADDRESS         
           =====                   =======         
           RF1AIFCTL1              0F02 
           RF1AIFCTL1_H            0F03 
           RF1AIFCTL1_L            0F02 
    -------------------------------------------------------------------------
DATA16_AN
  Relative segment, address: 0F06 - 0F07 (0x2 bytes), align: 0
  Segment part 2. ROOT.       Intra module refs:   radioReset
           ENTRY                   ADDRESS         REF BY
           =====                   =======         ======
           _A_RF1AIFERR_L          0F06 
           LOCAL                   ADDRESS         
           =====                   =======         
           RF1AIFERR               0F06 
           RF1AIFERR_H             0F07 
           RF1AIFERR_L             0F06 
    -------------------------------------------------------------------------
DATA16_AN
  Relative segment, address: 0F10 - 0F11 (0x2 bytes), align: 0
  Segment part 3. ROOT.       Intra module refs:   radioConfig
                                                   radioStrobe
                                                   radioWriteReg
                                                   radioWriteTxFifo
           ENTRY                   ADDRESS         REF BY
           =====                   =======         ======
           _A_RF1AINSTRW_L         0F10 
           LOCAL                   ADDRESS         
           =====                   =======         
           RF1AINSTRW              0F10 
           RF1AINSTRW_H            0F11 
           RF1AINSTRW_L            0F10 
    -------------------------------------------------------------------------
DATA16_AN
  Relative segment, address: 0F12 - 0F13 (0x2 bytes), align: 0
  Segment part 4. ROOT.       Intra module refs:   radioReadReg
                                                   radioReadRxFifo
           ENTRY                   ADDRESS         REF BY
           =====                   =======         ======
           _A_RF1AINSTR1W_L        0F12 
           LOCAL                   ADDRESS         
           =====                   =======         
           RF1AINSTR1W             0F12 
           RF1AINSTR1W_H           0F13 
           RF1AINSTR1W_L           0F12 
    -------------------------------------------------------------------------
DATA16_AN
  Relative segment, address: 0F20 - 0F21 (0x2 bytes), align: 0
  Segment part 5. ROOT.       Intra module refs:   radioConfig
                                                   radioStrobe
           ENTRY                   ADDRESS         REF BY
           =====                   =======         ======
           _A_RF1ASTAT0W_L         0F20 
           LOCAL                   ADDRESS         
           =====                   =======         
           RF1ASTAT0W              0F20 
           RF1ASTAT0W_H            0F21 
           RF1ASTAT0W_L            0F20 
    -------------------------------------------------------------------------
DATA16_AN
  Relative segment, address: 0F22 - 0F23 (0x2 bytes), align: 0
  Segment part 6. ROOT.       Intra module refs:   radioReadReg
                                                   radioReadRxFifo
           ENTRY                   ADDRESS         REF BY
           =====                   =======         ======
           _A_RF1ASTAT1W_L         0F22 
           LOCAL                   ADDRESS         
           =====                   =======         
           RF1ASTAT1W              0F22 
           RF1ASTAT1W_H            0F23 
           RF1ASTAT1W_L            0F22 
    -------------------------------------------------------------------------
DATA16_AN
  Relative segment, address: 0F30 - 0F31 (0x2 bytes), align: 0
  Segment part 7. ROOT.       Intra module refs:   radioStrobe
                                                   radioTransmit
           ENTRY                   ADDRESS         REF BY
           =====                   =======         ======
           _A_RF1AIN_L             0F30 
           LOCAL                   ADDRESS         
           =====                   =======         
           RF1AIN                  0F30 
           RF1AIN_H                0F31 
           RF1AIN_L                0F30 
    -------------------------------------------------------------------------
DATA16_AN
  Relative segment, address: 0F32 - 0F33 (0x2 bytes), align: 0
  Segment part 8. ROOT.       Intra module refs:   radioIsr
                                                   radioPowerOff
                                                   radioReceiveOff
                                                   radioReceiveOn
                                                   radioReset
                                                   radioTransmit
           ENTRY                   ADDRESS         REF BY
           =====                   =======         ======
           _A_RF1AIFG_L            0F32 
           LOCAL                   ADDRESS         
           =====                   =======         
           RF1AIFG                 0F32 
           RF1AIFG_H               0F33 
           RF1AIFG_L               0F32 
    -------------------------------------------------------------------------
DATA16_AN
  Relative segment, address: 0F38 - 0F39 (0x2 bytes), align: 0
  Segment part 9. ROOT.       Intra module refs:   radioIsr
           ENTRY                   ADDRESS         REF BY
           =====                   =======         ======
           _A_RF1AIV_L             0F38 
           LOCAL                   ADDRESS         
           =====                   =======         
           RF1AIV                  0F38 
           RF1AIV_H                0F39 
           RF1AIV_L                0F38 
    -------------------------------------------------------------------------
DATA16_AN
  Relative segment, address: 0340 - 0341 (0x2 bytes), align: 0
  Segment part 10. ROOT.      Intra module refs:   BSP_Delay
           ENTRY                   ADDRESS         REF BY
           =====                   =======         ======
           TA0CTL                  0340 
    -------------------------------------------------------------------------
DATA16_AN
  Relative segment, address: 0342 - 0343 (0x2 bytes), align: 0
  Segment part 11. ROOT.      Intra module refs:   BSP_Delay
           ENTRY                   ADDRESS         REF BY
           =====                   =======         ======
           TA0CCTL0                0342 
    -------------------------------------------------------------------------
DATA16_AN
  Relative segment, address: 0350 - 0351 (0x2 bytes), align: 0
  Segment part 12. ROOT.      Intra module refs:   BSP_Delay
           ENTRY                   ADDRESS         REF BY
           =====                   =======         ======
           TA0R                    0350 
    -------------------------------------------------------------------------
DATA16_AN
  Relative segment, address: 0352 - 0353 (0x2 bytes), align: 0
  Segment part 13. ROOT.      Intra module refs:   BSP_Delay
           ENTRY                   ADDRESS         REF BY
           =====                   =======         ======
           TA0CCR0                 0352 
    -------------------------------------------------------------------------
DATA16_C
  Relative segment, address: 8000 - 8059 (0x5a bytes), align: 0
  Segment part 15.            Intra module refs:   radioConfig
           ENTRY                   ADDRESS         REF BY
           =====                   =======         ======
           RF1A_REG_SMARTRF_SETTING
                                   8000 
    -------------------------------------------------------------------------
DATA16_I
  Relative segment, address: 1DEC - 1F13 (0x128 bytes), align: 1
  Segment part 16.            Intra module refs:   radioIsr
           ENTRY                   ADDRESS         REF BY
           =====                   =======         ======
           radio1                  1DEC            opInit (edOperationMachine)
    -------------------------------------------------------------------------
<CODE> 1 (was CODE)
  Relative segment, address: 92F6 - 9381 (0x8c bytes), align: 1
  Segment part 32.            Intra module refs:   Segment part 17
           ENTRY                   ADDRESS         REF BY
           =====                   =======         ======
           radioInit               92F6 
               calls indirect
               CSTACK = 00000000 ( 00000006 )
    -------------------------------------------------------------------------
<CODE> 1 (was CODE)
  Relative segment, address: 9984 - 998F (0xc bytes), align: 1
  Segment part 31.            Intra module refs:   radioInit
           ENTRY                   ADDRESS         REF BY
           =====                   =======         ======
           radioPowerOff           9984 
               calls direct
               CSTACK = 00000000 ( 00000004 )
    -------------------------------------------------------------------------
<CODE> 1 (was CODE)
  Relative segment, address: 9672 - 96AB (0x3a bytes), align: 1
  Segment part 30.            Intra module refs:   radioInit
           ENTRY                   ADDRESS         REF BY
           =====                   =======         ======
           radioReset              9672 
               calls direct
               CSTACK = 00000000 ( 00000006 )
    -------------------------------------------------------------------------
<CODE> 1 (was CODE)
  Relative segment, address: 9382 - 9405 (0x84 bytes), align: 1
  Segment part 29.            Intra module refs:   radioInit
           ENTRY                   ADDRESS         REF BY
           =====                   =======         ======
           radioConfig             9382 
               calls direct
               CSTACK = 00000000 ( 00000004 )
    -------------------------------------------------------------------------
<CODE> 1 (was CODE)
  Relative segment, address: 9974 - 9983 (0x10 bytes), align: 1
  Segment part 28.            Intra module refs:   radioInit
           ENTRY                   ADDRESS         REF BY
           =====                   =======         ======
           radioReceiveOn          9974 
               calls direct
               CSTACK = 00000000 ( 00000004 )
    -------------------------------------------------------------------------
<CODE> 1 (was CODE)
  Relative segment, address: 9892 - 98B1 (0x20 bytes), align: 1
  Segment part 27.            Intra module refs:   radioInit
           ENTRY                   ADDRESS         REF BY
           =====                   =======         ======
           radioReceiveOff         9892 
               calls direct
               CSTACK = 00000000 ( 00000004 )
    -------------------------------------------------------------------------
<CODE> 1 (was CODE)
  Relative segment, address: 91C4 - 9261 (0x9e bytes), align: 1
  Segment part 26.            Intra module refs:   radioInit
           ENTRY                   ADDRESS         REF BY
           =====                   =======         ======
           radioTransmit           91C4 
               calls direct and indirect
               CSTACK = 00000000 ( 00000008 )
    -------------------------------------------------------------------------
<CODE> 1 (was CODE)
  Relative segment, address: 95EE - 9633 (0x46 bytes), align: 1
  Segment part 25.            Intra module refs:   radioInit
           ENTRY                   ADDRESS         REF BY
           =====                   =======         ======
           radioGetData            95EE 
               CSTACK = 00000000 ( 0000000C )
    -------------------------------------------------------------------------
<CODE> 1 (was CODE)
  Relative segment, address: 8F7A - 903D (0xc4 bytes), align: 1
  Segment part 24.            Intra module refs:   radioInit
           ENTRY                   ADDRESS         REF BY
           =====                   =======         ======
           radioIsr                8F7A 
               calls direct and indirect
               CSTACK = 00000000 ( 0000000C )
    -------------------------------------------------------------------------
<CODE> 1 (was CODE)
  Relative segment, address: 97BC - 97E3 (0x28 bytes), align: 1
  Segment part 22.            Intra module refs:   radioStrobe
                                                   radioTransmit
           ENTRY                   ADDRESS         REF BY
           =====                   =======         ======
           BSP_Delay               97BC 
               CSTACK = 00000000 ( 00000004 )
    -------------------------------------------------------------------------
<CODE> 1 (was CODE)
  Relative segment, address: 948A - 9501 (0x78 bytes), align: 1
  Segment part 23.            Intra module refs:   radioPowerOff
                                                   radioReceiveOff
                                                   radioReceiveOn
                                                   radioReset
                                                   radioTransmit
           ENTRY                   ADDRESS         REF BY
           =====                   =======         ======
           radioStrobe             948A 
               calls direct
               CSTACK = 00000000 ( 00000008 )
    -------------------------------------------------------------------------
<CODE> 1 (was CODE)
  Relative segment, address: 982C - 984D (0x22 bytes), align: 1
  Segment part 21.            Intra module refs:   radioConfig
                                                   radioStrobe
           ENTRY                   ADDRESS         REF BY
           =====                   =======         ======
           radioWriteReg           982C 
               CSTACK = 00000000 ( 00000004 )
    -------------------------------------------------------------------------
<CODE> 1 (was CODE)
  Relative segment, address: 96AC - 96DF (0x34 bytes), align: 1
  Segment part 20.            Intra module refs:   radioIsr
                                                   radioStrobe
           ENTRY                   ADDRESS         REF BY
           =====                   =======         ======
           radioReadReg            96AC 
               CSTACK = 00000000 ( 00000004 )
    -------------------------------------------------------------------------
<CODE> 1 (was CODE)
  Relative segment, address: 97E4 - 9809 (0x26 bytes), align: 1
  Segment part 19.            Intra module refs:   radioIsr
           ENTRY                   ADDRESS         REF BY
           =====                   =======         ======
           radioReadRxFifo         97E4 
               CSTACK = 00000000 ( 00000004 )
    -------------------------------------------------------------------------
<CODE> 1 (was CODE)
  Relative segment, address: 973C - 9767 (0x2c bytes), align: 1
  Segment part 18.            Intra module refs:   radioTransmit
           ENTRY                   ADDRESS         REF BY
           =====                   =======         ======
           radioWriteTxFifo        973C 
               CSTACK = 00000000 ( 00000004 )
    -------------------------------------------------------------------------
DATA16_ID
  Relative segment, address: 821E - 8345 (0x128 bytes), align: 1
  Segment part 17.            Intra module refs:   radio1

    *************************************************************************

  FILE NAME : C:\Users\embarc\Documents\Projetos\Innovix\Firmware\Wireless\EndDevice\Obj\scrambler.r43
  PROGRAM MODULE, NAME : scrambler

  SEGMENTS IN THE MODULE
  ======================
<CODE> 1 (was CODE)
  Relative segment, address: 9102 - 91C3 (0xc2 bytes), align: 1
  Segment part 3.
           ENTRY                   ADDRESS         REF BY
           =====                   =======         ======
           scrambler               9102            opRun (edOperationMachine)
               CSTACK = 00000000 ( 00000014 )
    -------------------------------------------------------------------------
<CODE> 1 (was CODE)
  Relative segment, address: 903E - 9101 (0xc4 bytes), align: 1
  Segment part 2.
           ENTRY                   ADDRESS         REF BY
           =====                   =======         ======
           descrambler             903E            opRun (edOperationMachine)
               CSTACK = 00000000 ( 00000014 )

    *************************************************************************

  FILE NAME : C:\Users\embarc\Documents\Projetos\Innovix\Firmware\Wireless\EndDevice\Obj\watchdog.r43
  PROGRAM MODULE, NAME : watchdog

  SEGMENTS IN THE MODULE
  ======================
DATA16_AN
  Relative segment, address: 015C - 015D (0x2 bytes), align: 0
  Segment part 1. ROOT.       Intra module refs:   wdtClear
                                                   wdtStop
           ENTRY                   ADDRESS         REF BY
           =====                   =======         ======
           _A_WDTCTL_L             015C 
           LOCAL                   ADDRESS         
           =====                   =======         
           WDTCTL                  015C 
           WDTCTL_H                015D 
           WDTCTL_L                015C 
    -------------------------------------------------------------------------
<CODE> 1 (was CODE)
  Relative segment, address: 99B6 - 99BD (0x8 bytes), align: 1
  Segment part 4.
           ENTRY                   ADDRESS         REF BY
           =====                   =======         ======
           wdtStop                 99B6            main (main)
                                                   opRun (edOperationMachine)
               CSTACK = 00000000 ( 00000004 )
    -------------------------------------------------------------------------
<CODE> 1 (was CODE)
  Relative segment, address: 99AE - 99B5 (0x8 bytes), align: 1
  Segment part 3.
           ENTRY                   ADDRESS         REF BY
           =====                   =======         ======
           wdtClear                99AE            main (main)
                                                   opRun (edOperationMachine)
               CSTACK = 00000000 ( 00000004 )

    *************************************************************************

  FILE NAME : C:\Program Files (x86)\IAR Systems\Embedded Workbench 6.4\430\LIB\DLIB\dl430xsfn.r43
  LIBRARY MODULE, NAME : ?__dbg_break

  SEGMENTS IN THE MODULE
  ======================
<CODE> 1 (was CODE)
  Relative segment, address: 99DC - 99DD (0x2 bytes), align: 1
  Segment part 2.
           ENTRY                   ADDRESS         REF BY
           =====                   =======         ======
           __DebugBreak            99DC            __exit (?__exit)

    -------------------------------------------------------------------------
  LIBRARY MODULE, NAME : ?__exit

  SEGMENTS IN THE MODULE
  ======================
<CODE> 1 (was CODE)
  Relative segment, address: 990C - 9923 (0x18 bytes), align: 1
  Segment part 2.
           ENTRY                   ADDRESS         REF BY
           =====                   =======         ======
           __exit                  990C            Segment part 6 (?_exit)
                                                   _exit (?_exit)
               calls direct

    -------------------------------------------------------------------------
  LIBRARY MODULE, NAME : ?_exit

  SEGMENTS IN THE MODULE
  ======================
<CODE> 1 (was CODE)
  Relative segment, address: 99C8, align: 1
  Segment part 0.
           ENTRY                   ADDRESS         REF BY
           =====                   =======         ======
           _exit                   99C8            exit (?exit)
    -------------------------------------------------------------------------
<CODE> 1 (was CODE)
  Relative segment, address: 99C8 - 99CB (0x4 bytes), align: 1
  Segment part 6.             Intra module refs:   _exit

    -------------------------------------------------------------------------
  LIBRARY MODULE, NAME : ?cstart

  SEGMENTS IN THE MODULE
  ======================
CSTACK
  Relative segment, address: 2BAE, align: 1
  Segment part 1.
    -------------------------------------------------------------------------
DATA16_I
  Relative segment, address: 1F14, align: 1
  Segment part 3.
    -------------------------------------------------------------------------
DATA16_ID
  Relative segment, address: 8346, align: 1
  Segment part 4.
    -------------------------------------------------------------------------
CSTART
  Relative segment, address: 838A - 838D (0x4 bytes), align: 1
  Segment part 12.
           ENTRY                   ADDRESS         REF BY
           =====                   =======         ======
           __program_start         838A            ?reset_vector (?reset_vector)
                                                   Absolute parts (?ABS_ENTRY_MOD)
           ?cstart_begin           838A 
    -------------------------------------------------------------------------
CSTART
  Relative segment, address: 838E - 839D (0x10 bytes), align: 1
  Segment part 16.
           ENTRY                   ADDRESS         REF BY
           =====                   =======         ======
           ?cstart_init_copy       838E            btConfig (button)
                                                   btSense (button)
                                                   discoveryPkg (edOperationMachine)
                                                   flashParam (flashParam)
                                                   led1 (led)
                                                   operationMachine (edOperationMachine)
                                                   radio1 (radio)
                                                   statusPkg (edOperationMachine)
    -------------------------------------------------------------------------
CSTART
  Relative segment, address: 839E - 83A5 (0x8 bytes), align: 1
  Segment part 22.            Intra module refs:   Segment part 12
           ENTRY                   ADDRESS         REF BY
           =====                   =======         ======
           ?cstart_call_main       839E 
           ?cstart_end             83A6 

    -------------------------------------------------------------------------
  LIBRARY MODULE, NAME : ?reset_vector

  SEGMENTS IN THE MODULE
  ======================
RESET
  Relative segment, address: FFFE - FFFF (0x2 bytes), align: 1
  Segment part 0.
           ENTRY                   ADDRESS         REF BY
           =====                   =======         ======
           ?reset_vector           FFFE            Segment part 12 (?cstart)

    -------------------------------------------------------------------------
  LIBRARY MODULE, NAME : ?exit

  SEGMENTS IN THE MODULE
  ======================
<CODE> 1 (was CODE)
  Relative segment, address: 99CC - 99CF (0x4 bytes), align: 1
  Segment part 2.
           ENTRY                   ADDRESS         REF BY
           =====                   =======         ======
           exit                    99CC            Segment part 22 (?cstart)
               calls direct
               CSTACK = 00000000 ( 00000004 )

    -------------------------------------------------------------------------
  LIBRARY MODULE, NAME : ?memcpy

  SEGMENTS IN THE MODULE
  ======================
<CODE> 1 (was CODE)
  Relative segment, address: 9952 - 9963 (0x12 bytes), align: 1
  Segment part 2.
           ENTRY                   ADDRESS         REF BY
           =====                   =======         ======
           memcpy                  9952            __data16_memcpy (?memzero)
               CSTACK = 00000000 ( 00000004 )

    -------------------------------------------------------------------------
  LIBRARY MODULE, NAME : ?memzero

  SEGMENTS IN THE MODULE
  ======================
<CODE> 1 (was CODE)
  Relative segment, address: 99D8 - 99DB (0x4 bytes), align: 1
  Segment part 3.
           ENTRY                   ADDRESS         REF BY
           =====                   =======         ======
           __data16_memcpy         99D8            ?cstart_init_copy (?cstart)
               calls direct
               CSTACK = 00000000 ( 00000004 )

    -------------------------------------------------------------------------
  LIBRARY MODULE, NAME : ?IndCallR9

  SEGMENTS IN THE MODULE
  ======================
<CODE> 1 (was CODE)
  Relative segment, address: 99D0 - 99D3 (0x4 bytes), align: 1
  Segment part 0.
           ENTRY                   ADDRESS         REF BY
           =====                   =======         ======
           ?IndCallR9              99D0            opInit (edOperationMachine)
                                                   opRun (edOperationMachine)

    -------------------------------------------------------------------------
  LIBRARY MODULE, NAME : ?IndCallR15

  SEGMENTS IN THE MODULE
  ======================
<CODE> 1 (was CODE)
  Relative segment, address: 99C4 - 99C7 (0x4 bytes), align: 1
  Segment part 0.
           ENTRY                   ADDRESS         REF BY
           =====                   =======         ======
           ?IndCallR15             99C4            buttonInit (button)
                                                   buttonIntEnable (button)
                                                   ledBlink (led)
                                                   opIncTimer (edOperationMachine)
                                                   opInit (edOperationMachine)
                                                   opRun (edOperationMachine)
                                                   opSetState (edOperationMachine)
                                                   radioInit (radio)
                                                   radioTransmit (radio)




                ****************************************
                *                                      *
                *      SEGMENTS IN ADDRESS ORDER       *
                *                                      *
                ****************************************


SEGMENT              SPACE    START ADDRESS   END ADDRESS     SIZE  TYPE  ALIGN
=======              =====    =============   ===========     ====  ====  =====
DATA16_AN                              0102 - 0103               2   rel    0
                                       0120 - 0121               2 
                                       0124 - 0127               4 
                                       012C - 012D               2 
                                       0140 - 0141               2 
                                       0144 - 0145               2 
                                       015C - 015D               2 
                                       0160 - 0169               A 
                                       016E - 016F               2 
                                       0202 - 0205               4 
                                       020E - 020F               2 
                                       021E - 021F               2 
                                       0222 - 0225               4 
                                       0242 - 0245               4 
                                       0322 - 0325               4 
                                       0340 - 0343               4 
                                       0350 - 0353               4 
                                       0380 - 0383               4 
                                       0392 - 0393               2 
                                       03A0 - 03A1               2 
                                       0F02 - 0F03               2 
                                       0F06 - 0F07               2 
                                       0F10 - 0F13               4 
                                       0F20 - 0F23               4 
                                       0F30 - 0F33               4 
                                       0F38 - 0F39               2 
RAMCODE                                1C00 - 1C27              28   rel    1
DATA16_I                               1C28 - 1F2F             308   rel    1
CSTACK                                 2BAE - 2BFD              50   rel    1
DATA16_C                               8000 - 8059              5A   rel    0
DATA16_ID                              805A - 8361             308   rel    1
FLASHCODE                              8362 - 8389              28   rel    1
CSTART                                 838A - 83A5              1C   rel    1
ISR_CODE                               83A6 - 83E7              42   rel    1
<CODE> 1                               83E8 - 99DD            15F6   rel    1
INTVEC                                 FF80 - FFE7              68   com    1
RESET                                  FFFE - FFFF               2   rel    1

                ****************************************
                *                                      *
                *        END OF CROSS REFERENCE        *
                *                                      *
                ****************************************

 5 862 bytes of CODE  memory
   896 bytes of DATA  memory (+ 82 absolute )
   866 bytes of CONST memory

Errors: none
Warnings: none

