################################################################################
#                                                                              #
#      IAR Universal Linker V5.7.0.39                                          #
#                                                                              #
#           Link time     =  22/Jan/2014  13:27:19                             #
#           Target CPU    =  MSP430                                            #
#           List file     =  C:\Users\embarc\Documents\Projetos\Innovix\Firmwa #
#                            re\Wireless\AccessPoint\List\wireless.map         #
#           Output file 1 =  C:\Users\embarc\Documents\Projetos\Innovix\Firmwa #
#                            re\Wireless\AccessPoint\Exe\wireless.d43          #
#                            Format: debug                                     #
#                            UBROF version 10.0.6                              #
#                            Using library modules for C-SPY (-rt)             #
#           Command line  =  C:\Users\embarc\Documents\Projetos\Innovix\Firmwa #
#                            re\Wireless\AccessPoint\Obj\apOperationMachine.r4 #
#                            3                                                 #
#                            C:\Users\embarc\Documents\Projetos\Innovix\Firmwa #
#                            re\Wireless\AccessPoint\Obj\flashParam.r43        #
#                            C:\Users\embarc\Documents\Projetos\Innovix\Firmwa #
#                            re\Wireless\AccessPoint\Obj\main.r43              #
#                            C:\Users\embarc\Documents\Projetos\Innovix\Firmwa #
#                            re\Wireless\AccessPoint\Obj\radio.r43             #
#                            C:\Users\embarc\Documents\Projetos\Innovix\Firmwa #
#                            re\Wireless\AccessPoint\Obj\scrambler.r43         #
#                            C:\Users\embarc\Documents\Projetos\Innovix\Firmwa #
#                            re\Wireless\AccessPoint\Obj\serial.r43            #
#                            C:\Users\embarc\Documents\Projetos\Innovix\Firmwa #
#                            re\Wireless\AccessPoint\Obj\uart.r43              #
#                            C:\Users\embarc\Documents\Projetos\Innovix\Firmwa #
#                            re\Wireless\AccessPoint\Obj\watchdog.r43          #
#                            -o                                                #
#                            C:\Users\embarc\Documents\Projetos\Innovix\Firmwa #
#                            re\Wireless\AccessPoint\Exe\wireless.d43          #
#                            -l                                                #
#                            C:\Users\embarc\Documents\Projetos\Innovix\Firmwa #
#                            re\Wireless\AccessPoint\List\wireless.map         #
#                            -xms                                              #
#                            "-IC:\Program Files (x86)\IAR Systems\Embedded Wo #
#                            rkbench 6.5\430\LIB\"                             #
#                            -f                                                #
#                            C:\Users\embarc\Documents\Projetos\Innovix\Firmwa #
#                            re\Wireless\lnkcc430F5137_custom.xcl              #
#                            (-cmsp430 -QCODE_I=CODE_ID                        #
#                            -Z(DATA)RAMCODE,DATA16_I,DATA16_Z,DATA16_N,DATA16 #
#                            _HEAP+_DATA16_HEAP_SIZE=1C00-2BFD                 #
#                            -Z(DATA)CODE_I -Z(DATA)CSTACK+_STACK_SIZE#        #
#                            -Z(CONST)INFO=1800-19FF                           #
#                            -Z(CONST)INFOA=1980-19FF                          #
#                            -Z(CONST)INFOB=1900-197F                          #
#                            -Z(CONST)INFOC=1880-18FF                          #
#                            -Z(CONST)INFOD=1800-187F                          #
#                            -Z(CONST)DATA16_C,DATA16_ID,DIFUNCT,CHECKSUM=8000 #
#                            -FF7F                                             #
#                            -QRAMCODE=FLASHCODE                               #
#                            -Z(CODE)FLASHCODE,CSTART,ISR_CODE,CODE_ID=8000-FF #
#                            7F                                                #
#                            -P(CODE)FHASHCODE,CODE=8000-FF7F                  #
#                            -Z(CODE)INTVEC=FF80-FFFF                          #
#                            -Z(CODE)RESET=FFFE-FFFF) -f                       #
#                            "C:\Program Files (x86)\IAR Systems\Embedded Work #
#                            bench 6.5\430\config\multiplier32_loc2.xcl"       #
#                            (-e?Mul8HwLoc2=?Mul8 -e?Mul16HwLoc2=?Mul16        #
#                            -e?Mul16to32uHwLoc2=?Mul16to32u                   #
#                            -e?Mul16to32sHwLoc2=?Mul16to32s                   #
#                            -e?Mul32Hw32Loc2=?Mul32                           #
#                            -e?Mul64Hw32Loc2=_Mul64i                          #
#                            -e?Mul32u32uto64iHw32Loc2=_Mul32u32uto64i         #
#                            -e?Mul32fHwLoc2=_Mul32f                           #
#                            -e_Mul64fHwPtrLoc2=_Mul64fPtr) -D_STACK_SIZE=50   #
#                            -rt                                               #
#                            "C:\Program Files (x86)\IAR Systems\Embedded Work #
#                            bench 6.5\430\LIB\DLIB\dl430xsfn.r43"             #
#                            -e_PrintfLarge=_Printf -e_ScanfLarge=_Scanf       #
#                            -D_DATA16_HEAP_SIZE=50 -s __program_start         #
#                            -D_DATA20_HEAP_SIZE=50                            #
#                                                                              #
#                           Copyright (C) 1987-2013 IAR Systems AB.            #
################################################################################





                ****************************************
                *                                      *
                *           CROSS REFERENCE            *
                *                                      *
                ****************************************

       Program entry at :           8852  Relocatable, from module : ?cstart




                ****************************************
                *                                      *
                *            RUNTIME MODEL             *
                *                                      *
                ****************************************

  __Heap_Handler             = Basic
  __SystemLibrary            = DLib
  __core                     = 430X
  __data_model               = small
  __dlib_file_descriptor     = 0
  __dlib_full_locale_support = 0
  __double_size              = 32
  __pic                      = no
  __reg_r4                   = free
  __reg_r5                   = free
  __rt_version               = 3

                ****************************************
                *                                      *
                *    AUTOMATIC SYMBOL REDIRECTIONS     *
                *                                      *
                ****************************************

                  There are no automatic symbol redirections.



                ****************************************
                *                                      *
                *              MODULE MAP              *
                *                                      *
                ****************************************


  DEFINED ABSOLUTE ENTRIES
    *************************************************************************

  DEFINED ABSOLUTE ENTRIES
  PROGRAM MODULE, NAME : ?ABS_ENTRY_MOD

Absolute parts
           ENTRY                   ADDRESS         REF BY
           =====                   =======         ======
           _DATA20_HEAP_SIZE       0050 
           _DATA16_HEAP_SIZE       0050 
           _STACK_SIZE             0050 
    *************************************************************************

  FILE NAME : C:\Users\embarc\Documents\Projetos\Innovix\Firmware\Wireless\AccessPoint\Obj\apOperationMachine.r43
  PROGRAM MODULE, NAME : apOperationMachine

  SEGMENTS IN THE MODULE
  ======================
DATA16_AN
  Relative segment, address: 0380 - 0381 (0x2 bytes), align: 0
  Segment part 1. ROOT.       Intra module refs:   opInit
           ENTRY                   ADDRESS         REF BY
           =====                   =======         ======
           TA1CTL                  0380 
    -------------------------------------------------------------------------
DATA16_AN
  Relative segment, address: 0382 - 0383 (0x2 bytes), align: 0
  Segment part 2. ROOT.       Intra module refs:   opInit
           ENTRY                   ADDRESS         REF BY
           =====                   =======         ======
           TA1CCTL0                0382 
    -------------------------------------------------------------------------
DATA16_AN
  Relative segment, address: 0392 - 0393 (0x2 bytes), align: 0
  Segment part 3. ROOT.       Intra module refs:   opInit
           ENTRY                   ADDRESS         REF BY
           =====                   =======         ======
           TA1CCR0                 0392 
    -------------------------------------------------------------------------
DATA16_C
  Relative segment, address: 800C - 8010 (0x5 bytes), align: 0
  Segment part 6.             Intra module refs:   opRun
    -------------------------------------------------------------------------
DATA16_C
  Relative segment, address: 8011 - 8022 (0x12 bytes), align: 0
  Segment part 7.             Intra module refs:   opRun
    -------------------------------------------------------------------------
DATA16_C
  Relative segment, address: 8023 - 802A (0x8 bytes), align: 0
  Segment part 8.             Intra module refs:   opRun
    -------------------------------------------------------------------------
DATA16_C
  Relative segment, address: 802B - 803F (0x15 bytes), align: 0
  Segment part 9.             Intra module refs:   opRun
    -------------------------------------------------------------------------
DATA16_C
  Relative segment, address: 8040 - 8046 (0x7 bytes), align: 0
  Segment part 10.            Intra module refs:   opRun
    -------------------------------------------------------------------------
DATA16_C
  Relative segment, address: 8047 - 8048 (0x2 bytes), align: 0
  Segment part 11.            Intra module refs:   opRun
    -------------------------------------------------------------------------
DATA16_C
  Relative segment, address: 8049 - 8056 (0xe bytes), align: 0
  Segment part 12.            Intra module refs:   opRun
    -------------------------------------------------------------------------
DATA16_C
  Relative segment, address: 8057 - 8065 (0xf bytes), align: 0
  Segment part 13.            Intra module refs:   opRun
    -------------------------------------------------------------------------
DATA16_C
  Relative segment, address: 8066 - 808B (0x26 bytes), align: 0
  Segment part 14.            Intra module refs:   opRun
    -------------------------------------------------------------------------
DATA16_C
  Relative segment, address: 808C - 809B (0x10 bytes), align: 0
  Segment part 15.            Intra module refs:   opRun
    -------------------------------------------------------------------------
DATA16_C
  Relative segment, address: 809C - 80AD (0x12 bytes), align: 0
  Segment part 16.            Intra module refs:   opRun
    -------------------------------------------------------------------------
DATA16_C
  Relative segment, address: 80AE - 80BB (0xe bytes), align: 0
  Segment part 17.            Intra module refs:   opRun
    -------------------------------------------------------------------------
DATA16_C
  Relative segment, address: 80BC - 80D0 (0x15 bytes), align: 0
  Segment part 18.            Intra module refs:   opRun
    -------------------------------------------------------------------------
DATA16_C
  Relative segment, address: 80D1 - 80F7 (0x27 bytes), align: 0
  Segment part 19.            Intra module refs:   opRun
    -------------------------------------------------------------------------
DATA16_C
  Relative segment, address: 80F8 - 80F9 (0x2 bytes), align: 0
  Segment part 20.            Intra module refs:   opRun
    -------------------------------------------------------------------------
DATA16_C
  Relative segment, address: 80FA - 8100 (0x7 bytes), align: 0
  Segment part 21.            Intra module refs:   opRun
    -------------------------------------------------------------------------
DATA16_C
  Relative segment, address: 8101 - 8105 (0x5 bytes), align: 0
  Segment part 22.            Intra module refs:   opRun
    -------------------------------------------------------------------------
DATA16_C
  Relative segment, address: 8106 - 810A (0x5 bytes), align: 0
  Segment part 23.            Intra module refs:   opRun
    -------------------------------------------------------------------------
DATA16_C
  Relative segment, address: 810B - 810F (0x5 bytes), align: 0
  Segment part 24.            Intra module refs:   opRun
    -------------------------------------------------------------------------
DATA16_C
  Relative segment, address: 8110 - 8111 (0x2 bytes), align: 0
  Segment part 25.            Intra module refs:   opRun
    -------------------------------------------------------------------------
DATA16_C
  Relative segment, address: 8112 - 8114 (0x3 bytes), align: 0
  Segment part 26.            Intra module refs:   opRun
    -------------------------------------------------------------------------
DATA16_C
  Relative segment, address: 8115 - 811A (0x6 bytes), align: 0
  Segment part 27.            Intra module refs:   opRun
    -------------------------------------------------------------------------
DATA16_C
  Relative segment, address: 811B - 812C (0x12 bytes), align: 0
  Segment part 28.            Intra module refs:   opRun
    -------------------------------------------------------------------------
DATA16_C
  Relative segment, address: 812D - 812F (0x3 bytes), align: 0
  Segment part 29.            Intra module refs:   opRun
    -------------------------------------------------------------------------
DATA16_C
  Relative segment, address: 8000 - 800B (0xc bytes), align: 1
  Segment part 30.            Intra module refs:   opRun
           ENTRY                   ADDRESS         REF BY
           =====                   =======         ======
           timeoutList             8000 
    -------------------------------------------------------------------------
DATA16_I
  Relative segment, address: 228A - 2298 (0xf bytes), align: 0
  Segment part 31.            Intra module refs:   opRun
           ENTRY                   ADDRESS         REF BY
           =====                   =======         ======
           discoveryAckPkg         228A 
    -------------------------------------------------------------------------
DATA16_I
  Relative segment, address: 2299 - 22A7 (0xf bytes), align: 0
  Segment part 33.            Intra module refs:   opRun
           ENTRY                   ADDRESS         REF BY
           =====                   =======         ======
           statusAckPkg            2299 
    -------------------------------------------------------------------------
DATA16_I
  Relative segment, address: 1C28 - 1DE7 (0x1c0 bytes), align: 1
  Segment part 35.            Intra module refs:   TIMER1_A0_ISR
           ENTRY                   ADDRESS         REF BY
           =====                   =======         ======
           operationMachine        1C28            main (main)
    -------------------------------------------------------------------------
<CODE> 1 (was CODE)
  Relative segment, address: 96F6 - 9829 (0x134 bytes), align: 1
  Segment part 47.            Intra module refs:   Segment part 36
           ENTRY                   ADDRESS         REF BY
           =====                   =======         ======
           opInit                  96F6 
               calls indirect
               CSTACK = 00000000 ( 00000006 )
    -------------------------------------------------------------------------
<CODE> 1 (was CODE)
  Relative segment, address: 88B8 - 9345 (0xa8e bytes), align: 1
  Segment part 46.            Intra module refs:   opInit
           ENTRY                   ADDRESS         REF BY
           =====                   =======         ======
           opRun                   88B8 
               calls direct and indirect
               CSTACK = 00000000 ( 00000018 )
    -------------------------------------------------------------------------
<CODE> 1 (was CODE)
  Relative segment, address: A5F2 - A607 (0x16 bytes), align: 1
  Segment part 45.            Intra module refs:   opInit
           ENTRY                   ADDRESS         REF BY
           =====                   =======         ======
           opSetState              A5F2 
               calls indirect
               CSTACK = 00000000 ( 00000004 )
    -------------------------------------------------------------------------
<CODE> 1 (was CODE)
  Relative segment, address: A67C - A685 (0xa bytes), align: 1
  Segment part 44.            Intra module refs:   opInit
           ENTRY                   ADDRESS         REF BY
           =====                   =======         ======
           opSetTimeout            A67C 
               CSTACK = 00000000 ( 00000004 )
    -------------------------------------------------------------------------
<CODE> 1 (was CODE)
  Relative segment, address: A6A0 - A6A5 (0x6 bytes), align: 1
  Segment part 43.            Intra module refs:   opInit
           ENTRY                   ADDRESS         REF BY
           =====                   =======         ======
           opIncTimer              A6A0 
               CSTACK = 00000000 ( 00000004 )
    -------------------------------------------------------------------------
<CODE> 1 (was CODE)
  Relative segment, address: 982A - 990B (0xe2 bytes), align: 1
  Segment part 42.            Intra module refs:   opInit
           ENTRY                   ADDRESS         REF BY
           =====                   =======         ======
           opSensorWrite           982A 
               calls indirect
               CSTACK = 00000000 ( 00000010 )
    -------------------------------------------------------------------------
<CODE> 1 (was CODE)
  Relative segment, address: 9B56 - 9C0D (0xb8 bytes), align: 1
  Segment part 41.            Intra module refs:   opInit
           ENTRY                   ADDRESS         REF BY
           =====                   =======         ======
           opSensorErase           9B56 
               calls indirect
               CSTACK = 00000000 ( 00000010 )
    -------------------------------------------------------------------------
<CODE> 1 (was CODE)
  Relative segment, address: A0A4 - A109 (0x66 bytes), align: 1
  Segment part 40.            Intra module refs:   opInit
           ENTRY                   ADDRESS         REF BY
           =====                   =======         ======
           opSensorGetPos          A0A4 
               CSTACK = 00000000 ( 00000010 )
    -------------------------------------------------------------------------
<CODE> 1 (was CODE)
  Relative segment, address: A420 - A447 (0x28 bytes), align: 1
  Segment part 39.            Intra module refs:   opInit
           ENTRY                   ADDRESS         REF BY
           =====                   =======         ======
           opSensorGetCount        A420 
               CSTACK = 00000000 ( 00000006 )
    -------------------------------------------------------------------------
ISR_CODE
  Relative segment, address: 886E - 887B (0xe bytes), align: 1
  Segment part 48.            Intra module refs:   TIMER1_A0_ISR::??INTVEC 102
           ENTRY                   ADDRESS         REF BY
           =====                   =======         ======
           TIMER1_A0_ISR           886E 
               interrupt function
               calls indirect
               CSTACK = 00000000 ( 0000000C )
    -------------------------------------------------------------------------
DATA16_C
  Relative segment, address: 8130 - 813F (0x10 bytes), align: 0
  Segment part 37.            Intra module refs:   valueToASCII
           ENTRY                   ADDRESS         REF BY
           =====                   =======         ======
           nibbleToASCIITable      8130 
    -------------------------------------------------------------------------
<CODE> 1 (was CODE)
  Relative segment, address: A2EE - A31B (0x2e bytes), align: 1
  Segment part 38.            Intra module refs:   opRun
           ENTRY                   ADDRESS         REF BY
           =====                   =======         ======
           valueToASCII            A2EE 
               CSTACK = 00000000 ( 00000004 )
    -------------------------------------------------------------------------
INTVEC
  Common segment, address: FF80 - FFE7 (0x68 bytes), align: 1
  Segment part 4. ROOT.
           ENTRY                   ADDRESS         REF BY
           =====                   =======         ======
           TIMER1_A0_ISR::??INTVEC 102
                                   FFE6 
    -------------------------------------------------------------------------
DATA16_ID
  Relative segment, address: 880C - 881A (0xf bytes), align: 0
  Segment part 32.            Intra module refs:   discoveryAckPkg
    -------------------------------------------------------------------------
DATA16_ID
  Relative segment, address: 881B - 8829 (0xf bytes), align: 0
  Segment part 34.            Intra module refs:   statusAckPkg
    -------------------------------------------------------------------------
DATA16_ID
  Relative segment, address: 81AA - 8369 (0x1c0 bytes), align: 1
  Segment part 36.            Intra module refs:   operationMachine

    *************************************************************************

  FILE NAME : C:\Users\embarc\Documents\Projetos\Innovix\Firmware\Wireless\AccessPoint\Obj\flashParam.r43
  PROGRAM MODULE, NAME : flashParam

  SEGMENTS IN THE MODULE
  ======================
DATA16_AN
  Relative segment, address: 0140 - 0141 (0x2 bytes), align: 0
  Segment part 1. ROOT.       Intra module refs:   infoErase
                                                   infoWB
           ENTRY                   ADDRESS         REF BY
           =====                   =======         ======
           _A_FCTL1_L              0140 
           LOCAL                   ADDRESS         
           =====                   =======         
           FCTL1                   0140 
           FCTL1_H                 0141 
           FCTL1_L                 0140 
    -------------------------------------------------------------------------
DATA16_AN
  Relative segment, address: 0144 - 0145 (0x2 bytes), align: 0
  Segment part 2. ROOT.       Intra module refs:   infoErase
                                                   infoWB
           ENTRY                   ADDRESS         REF BY
           =====                   =======         ======
           _A_FCTL3_L              0144 
           LOCAL                   ADDRESS         
           =====                   =======         
           FCTL3                   0144 
           FCTL3_H                 0145 
           FCTL3_L                 0144 
    -------------------------------------------------------------------------
DATA16_I
  Relative segment, address: 1DE8 - 1E5F (0x78 bytes), align: 1
  Segment part 4.             Intra module refs:   flashParamInit
                                                   flashParamLoad
                                                   flashParamReset
                                                   flashParamUpdate
           ENTRY                   ADDRESS         REF BY
           =====                   =======         ======
           flashParam              1DE8            opInit (apOperationMachine)
    -------------------------------------------------------------------------
<CODE> 1 (was CODE)
  Relative segment, address: A164 - A1AD (0x4a bytes), align: 1
  Segment part 13.            Intra module refs:   Segment part 5
           ENTRY                   ADDRESS         REF BY
           =====                   =======         ======
           flashParamInit          A164 
               calls direct and indirect
               CSTACK = 00000000 ( 00000004 )
    -------------------------------------------------------------------------
<CODE> 1 (was CODE)
  Relative segment, address: A56C - A589 (0x1e bytes), align: 1
  Segment part 12.            Intra module refs:   flashParamInit
           ENTRY                   ADDRESS         REF BY
           =====                   =======         ======
           flashParamLoad          A56C 
               CSTACK = 00000000 ( 00000004 )
    -------------------------------------------------------------------------
<CODE> 1 (was CODE)
  Relative segment, address: A6AE - A6B1 (0x4 bytes), align: 1
  Segment part 11.            Intra module refs:   flashParamInit
           ENTRY                   ADDRESS         REF BY
           =====                   =======         ======
           flashParamValidate      A6AE 
               CSTACK = 00000000 ( 00000004 )
    -------------------------------------------------------------------------
<CODE> 1 (was CODE)
  Relative segment, address: A292 - A2BF (0x2e bytes), align: 1
  Segment part 10.            Intra module refs:   flashParamInit
           ENTRY                   ADDRESS         REF BY
           =====                   =======         ======
           flashParamReset         A292 
               CSTACK = 00000000 ( 00000006 )
    -------------------------------------------------------------------------
<CODE> 1 (was CODE)
  Relative segment, address: A3A2 - A3CB (0x2a bytes), align: 1
  Segment part 9.             Intra module refs:   flashParamInit
           ENTRY                   ADDRESS         REF BY
           =====                   =======         ======
           flashParamUpdate        A3A2 
               calls direct
               CSTACK = 00000000 ( 00000006 )
    -------------------------------------------------------------------------
<CODE> 1 (was CODE)
  Relative segment, address: A262 - A291 (0x30 bytes), align: 1
  Segment part 8.             Intra module refs:   flashParamInit
           ENTRY                   ADDRESS         REF BY
           =====                   =======         ======
           copyFlashToRam          A262 
               CSTACK = 00000000 ( 00000006 )
    -------------------------------------------------------------------------
<CODE> 1 (was CODE)
  Relative segment, address: A3CC - A3F5 (0x2a bytes), align: 1
  Segment part 7.             Intra module refs:   flashParamUpdate
           ENTRY                   ADDRESS         REF BY
           =====                   =======         ======
           infoWB                  A3CC 
               CSTACK = 00000000 ( 00000004 )
    -------------------------------------------------------------------------
RAMCODE
  Relative segment, address: 1C00 - 1C27 (0x28 bytes), align: 1
  Segment part 6.             Intra module refs:   flashParamUpdate
           ENTRY                   ADDRESS         REF BY
           =====                   =======         ======
           infoErase               1C00 
               CSTACK = 00000000 ( 00000004 )
    -------------------------------------------------------------------------
DATA16_ID
  Relative segment, address: 836A - 83E1 (0x78 bytes), align: 1
  Segment part 5.             Intra module refs:   flashParam
    -------------------------------------------------------------------------
FLASHCODE
  Relative segment, address: 882A - 8851 (0x28 bytes), align: 1
  Segment part 18.            Intra module refs:   infoErase

    *************************************************************************

  FILE NAME : C:\Users\embarc\Documents\Projetos\Innovix\Firmware\Wireless\AccessPoint\Obj\main.r43
  PROGRAM MODULE, NAME : main

  SEGMENTS IN THE MODULE
  ======================
DATA16_AN
  Relative segment, address: 0202 - 0203 (0x2 bytes), align: 0
  Segment part 1. ROOT.       Intra module refs:   initCore
           ENTRY                   ADDRESS         REF BY
           =====                   =======         ======
           _A_PAOUT_L              0202 
           LOCAL                   ADDRESS         
           =====                   =======         
           PAOUT                   0202 
           PAOUT_H                 0203 
           PAOUT_L                 0202 
    -------------------------------------------------------------------------
DATA16_AN
  Relative segment, address: 0204 - 0205 (0x2 bytes), align: 0
  Segment part 2. ROOT.       Intra module refs:   initCore
                                                   uartInit (uart)
           ENTRY                   ADDRESS         REF BY
           =====                   =======         ======
           _A_PADIR_L              0204 
           LOCAL                   ADDRESS         
           =====                   =======         
           PADIR                   0204 
           PADIR_H                 0205 
           PADIR_L                 0204 
    -------------------------------------------------------------------------
DATA16_AN
  Relative segment, address: 0222 - 0223 (0x2 bytes), align: 0
  Segment part 3. ROOT.       Intra module refs:   initCore
           ENTRY                   ADDRESS         REF BY
           =====                   =======         ======
           _A_PBOUT_L              0222 
           LOCAL                   ADDRESS         
           =====                   =======         
           PBOUT                   0222 
           PBOUT_H                 0223 
           PBOUT_L                 0222 
    -------------------------------------------------------------------------
DATA16_AN
  Relative segment, address: 0224 - 0225 (0x2 bytes), align: 0
  Segment part 4. ROOT.       Intra module refs:   initCore
           ENTRY                   ADDRESS         REF BY
           =====                   =======         ======
           _A_PBDIR_L              0224 
           LOCAL                   ADDRESS         
           =====                   =======         
           PBDIR                   0224 
           PBDIR_H                 0225 
           PBDIR_L                 0224 
    -------------------------------------------------------------------------
DATA16_AN
  Relative segment, address: 0242 - 0243 (0x2 bytes), align: 0
  Segment part 5. ROOT.       Intra module refs:   initCore
           ENTRY                   ADDRESS         REF BY
           =====                   =======         ======
           _A_PCOUT_L              0242 
           LOCAL                   ADDRESS         
           =====                   =======         
           PCOUT                   0242 
           PCOUT_H                 0243 
           PCOUT_L                 0242 
    -------------------------------------------------------------------------
DATA16_AN
  Relative segment, address: 0244 - 0245 (0x2 bytes), align: 0
  Segment part 6. ROOT.       Intra module refs:   initCore
           ENTRY                   ADDRESS         REF BY
           =====                   =======         ======
           _A_PCDIR_L              0244 
           LOCAL                   ADDRESS         
           =====                   =======         
           PCDIR                   0244 
           PCDIR_H                 0245 
           PCDIR_L                 0244 
    -------------------------------------------------------------------------
DATA16_AN
  Relative segment, address: 0322 - 0323 (0x2 bytes), align: 0
  Segment part 7. ROOT.       Intra module refs:   initCore
           ENTRY                   ADDRESS         REF BY
           =====                   =======         ======
           _A_PJOUT_L              0322 
           LOCAL                   ADDRESS         
           =====                   =======         
           PJOUT                   0322 
           PJOUT_H                 0323 
           PJOUT_L                 0322 
    -------------------------------------------------------------------------
DATA16_AN
  Relative segment, address: 0324 - 0325 (0x2 bytes), align: 0
  Segment part 8. ROOT.       Intra module refs:   initCore
           ENTRY                   ADDRESS         REF BY
           =====                   =======         ======
           _A_PJDIR_L              0324 
           LOCAL                   ADDRESS         
           =====                   =======         
           PJDIR                   0324 
           PJDIR_H                 0325 
           PJDIR_L                 0324 
    -------------------------------------------------------------------------
DATA16_AN
  Relative segment, address: 0120 - 0121 (0x2 bytes), align: 0
  Segment part 9. ROOT.       Intra module refs:   SetVCore
                                                   SetVCoreDown
                                                   SetVCoreUp
                                                   initCore
           ENTRY                   ADDRESS         REF BY
           =====                   =======         ======
           _A_PMMCTL0_L            0120 
           LOCAL                   ADDRESS         
           =====                   =======         
           PMMCTL0                 0120 
           PMMCTL0_H               0121 
           PMMCTL0_L               0120 
    -------------------------------------------------------------------------
DATA16_AN
  Relative segment, address: 0124 - 0125 (0x2 bytes), align: 0
  Segment part 10. ROOT.      Intra module refs:   SetVCoreUp
           ENTRY                   ADDRESS         REF BY
           =====                   =======         ======
           _A_SVSMHCTL_L           0124 
           LOCAL                   ADDRESS         
           =====                   =======         
           SVSMHCTL                0124 
           SVSMHCTL_H              0125 
           SVSMHCTL_L              0124 
    -------------------------------------------------------------------------
DATA16_AN
  Relative segment, address: 0126 - 0127 (0x2 bytes), align: 0
  Segment part 11. ROOT.      Intra module refs:   SetVCoreDown
                                                   SetVCoreUp
           ENTRY                   ADDRESS         REF BY
           =====                   =======         ======
           _A_SVSMLCTL_L           0126 
           LOCAL                   ADDRESS         
           =====                   =======         
           SVSMLCTL                0126 
           SVSMLCTL_H              0127 
           SVSMLCTL_L              0126 
    -------------------------------------------------------------------------
DATA16_AN
  Relative segment, address: 012C - 012D (0x2 bytes), align: 0
  Segment part 12. ROOT.      Intra module refs:   SetVCoreDown
                                                   SetVCoreUp
           ENTRY                   ADDRESS         REF BY
           =====                   =======         ======
           _A_PMMIFG_L             012C 
           LOCAL                   ADDRESS         
           =====                   =======         
           PMMIFG                  012C 
           PMMIFG_H                012D 
           PMMIFG_L                012C 
    -------------------------------------------------------------------------
DATA16_AN
  Relative segment, address: 0102 - 0103 (0x2 bytes), align: 0
  Segment part 13. ROOT.      Intra module refs:   initCore
           ENTRY                   ADDRESS         REF BY
           =====                   =======         ======
           _A_SFRIFG1_L            0102 
           LOCAL                   ADDRESS         
           =====                   =======         
           SFRIFG1                 0102 
           SFRIFG1_H               0103 
           SFRIFG1_L               0102 
    -------------------------------------------------------------------------
DATA16_AN
  Relative segment, address: 0160 - 0161 (0x2 bytes), align: 0
  Segment part 14. ROOT.      Intra module refs:   initCore
           ENTRY                   ADDRESS         REF BY
           =====                   =======         ======
           _A_UCSCTL0_L            0160 
           LOCAL                   ADDRESS         
           =====                   =======         
           UCSCTL0                 0160 
           UCSCTL0_H               0161 
           UCSCTL0_L               0160 
    -------------------------------------------------------------------------
DATA16_AN
  Relative segment, address: 0162 - 0163 (0x2 bytes), align: 0
  Segment part 15. ROOT.      Intra module refs:   initCore
           ENTRY                   ADDRESS         REF BY
           =====                   =======         ======
           _A_UCSCTL1_L            0162 
           LOCAL                   ADDRESS         
           =====                   =======         
           UCSCTL1                 0162 
           UCSCTL1_H               0163 
           UCSCTL1_L               0162 
    -------------------------------------------------------------------------
DATA16_AN
  Relative segment, address: 0164 - 0165 (0x2 bytes), align: 0
  Segment part 16. ROOT.      Intra module refs:   initCore
           ENTRY                   ADDRESS         REF BY
           =====                   =======         ======
           _A_UCSCTL2_L            0164 
           LOCAL                   ADDRESS         
           =====                   =======         
           UCSCTL2                 0164 
           UCSCTL2_H               0165 
           UCSCTL2_L               0164 
    -------------------------------------------------------------------------
DATA16_AN
  Relative segment, address: 0166 - 0167 (0x2 bytes), align: 0
  Segment part 17. ROOT.      Intra module refs:   initCore
           ENTRY                   ADDRESS         REF BY
           =====                   =======         ======
           _A_UCSCTL3_L            0166 
           LOCAL                   ADDRESS         
           =====                   =======         
           UCSCTL3                 0166 
           UCSCTL3_H               0167 
           UCSCTL3_L               0166 
    -------------------------------------------------------------------------
DATA16_AN
  Relative segment, address: 0168 - 0169 (0x2 bytes), align: 0
  Segment part 18. ROOT.      Intra module refs:   initCore
           ENTRY                   ADDRESS         REF BY
           =====                   =======         ======
           _A_UCSCTL4_L            0168 
           LOCAL                   ADDRESS         
           =====                   =======         
           UCSCTL4                 0168 
           UCSCTL4_H               0169 
           UCSCTL4_L               0168 
    -------------------------------------------------------------------------
DATA16_AN
  Relative segment, address: 016E - 016F (0x2 bytes), align: 0
  Segment part 19. ROOT.      Intra module refs:   initCore
           ENTRY                   ADDRESS         REF BY
           =====                   =======         ======
           _A_UCSCTL7_L            016E 
           LOCAL                   ADDRESS         
           =====                   =======         
           UCSCTL7                 016E 
           UCSCTL7_H               016F 
           UCSCTL7_L               016E 
    -------------------------------------------------------------------------
<CODE> 1 (was CODE)
  Relative segment, address: A508 - A529 (0x22 bytes), align: 1
  Segment part 25.
           ENTRY                   ADDRESS         REF BY
           =====                   =======         ======
           main                    A508            Segment part 22 (?cstart)
               calls direct and indirect
               CSTACK = 00000000 ( 00000004 )
    -------------------------------------------------------------------------
<CODE> 1 (was CODE)
  Relative segment, address: A10A - A163 (0x5a bytes), align: 1
  Segment part 24.            Intra module refs:   SetVCore
           ENTRY                   ADDRESS         REF BY
           =====                   =======         ======
           SetVCoreUp              A10A 
               CSTACK = 00000000 ( 00000004 )
    -------------------------------------------------------------------------
<CODE> 1 (was CODE)
  Relative segment, address: A3F6 - A41F (0x2a bytes), align: 1
  Segment part 23.            Intra module refs:   SetVCore
           ENTRY                   ADDRESS         REF BY
           =====                   =======         ======
           SetVCoreDown            A3F6 
               CSTACK = 00000000 ( 00000004 )
    -------------------------------------------------------------------------
<CODE> 1 (was CODE)
  Relative segment, address: A376 - A3A1 (0x2c bytes), align: 1
  Segment part 22.            Intra module refs:   initCore
           ENTRY                   ADDRESS         REF BY
           =====                   =======         ======
           SetVCore                A376 
               calls direct
               CSTACK = 00000000 ( 00000008 )
    -------------------------------------------------------------------------
<CODE> 1 (was CODE)
  Relative segment, address: 9E00 - 9E93 (0x94 bytes), align: 1
  Segment part 21.            Intra module refs:   main
           ENTRY                   ADDRESS         REF BY
           =====                   =======         ======
           initCore                9E00 
               calls direct
               CSTACK = 00000000 ( 00000004 )

    *************************************************************************

  FILE NAME : C:\Users\embarc\Documents\Projetos\Innovix\Firmware\Wireless\AccessPoint\Obj\radio.r43
  PROGRAM MODULE, NAME : radio

  SEGMENTS IN THE MODULE
  ======================
DATA16_AN
  Relative segment, address: 0F02 - 0F03 (0x2 bytes), align: 0
  Segment part 1. ROOT.       Intra module refs:   radioConfig
                                                   radioReadReg
                                                   radioReadRxFifo
                                                   radioStrobe
                                                   radioWriteReg
                                                   radioWriteTxFifo
           ENTRY                   ADDRESS         REF BY
           =====                   =======         ======
           _A_RF1AIFCTL1_L         0F02 
           LOCAL                   ADDRESS         
           =====                   =======         
           RF1AIFCTL1              0F02 
           RF1AIFCTL1_H            0F03 
           RF1AIFCTL1_L            0F02 
    -------------------------------------------------------------------------
DATA16_AN
  Relative segment, address: 0F06 - 0F07 (0x2 bytes), align: 0
  Segment part 2. ROOT.       Intra module refs:   radioReset
           ENTRY                   ADDRESS         REF BY
           =====                   =======         ======
           _A_RF1AIFERR_L          0F06 
           LOCAL                   ADDRESS         
           =====                   =======         
           RF1AIFERR               0F06 
           RF1AIFERR_H             0F07 
           RF1AIFERR_L             0F06 
    -------------------------------------------------------------------------
DATA16_AN
  Relative segment, address: 0F10 - 0F11 (0x2 bytes), align: 0
  Segment part 3. ROOT.       Intra module refs:   radioConfig
                                                   radioStrobe
                                                   radioWriteReg
                                                   radioWriteTxFifo
           ENTRY                   ADDRESS         REF BY
           =====                   =======         ======
           _A_RF1AINSTRW_L         0F10 
           LOCAL                   ADDRESS         
           =====                   =======         
           RF1AINSTRW              0F10 
           RF1AINSTRW_H            0F11 
           RF1AINSTRW_L            0F10 
    -------------------------------------------------------------------------
DATA16_AN
  Relative segment, address: 0F12 - 0F13 (0x2 bytes), align: 0
  Segment part 4. ROOT.       Intra module refs:   radioReadReg
                                                   radioReadRxFifo
           ENTRY                   ADDRESS         REF BY
           =====                   =======         ======
           _A_RF1AINSTR1W_L        0F12 
           LOCAL                   ADDRESS         
           =====                   =======         
           RF1AINSTR1W             0F12 
           RF1AINSTR1W_H           0F13 
           RF1AINSTR1W_L           0F12 
    -------------------------------------------------------------------------
DATA16_AN
  Relative segment, address: 0F20 - 0F21 (0x2 bytes), align: 0
  Segment part 5. ROOT.       Intra module refs:   radioConfig
                                                   radioStrobe
           ENTRY                   ADDRESS         REF BY
           =====                   =======         ======
           _A_RF1ASTAT0W_L         0F20 
           LOCAL                   ADDRESS         
           =====                   =======         
           RF1ASTAT0W              0F20 
           RF1ASTAT0W_H            0F21 
           RF1ASTAT0W_L            0F20 
    -------------------------------------------------------------------------
DATA16_AN
  Relative segment, address: 0F22 - 0F23 (0x2 bytes), align: 0
  Segment part 6. ROOT.       Intra module refs:   radioReadReg
                                                   radioReadRxFifo
           ENTRY                   ADDRESS         REF BY
           =====                   =======         ======
           _A_RF1ASTAT1W_L         0F22 
           LOCAL                   ADDRESS         
           =====                   =======         
           RF1ASTAT1W              0F22 
           RF1ASTAT1W_H            0F23 
           RF1ASTAT1W_L            0F22 
    -------------------------------------------------------------------------
DATA16_AN
  Relative segment, address: 0F30 - 0F31 (0x2 bytes), align: 0
  Segment part 7. ROOT.       Intra module refs:   radioStrobe
                                                   radioTransmit
           ENTRY                   ADDRESS         REF BY
           =====                   =======         ======
           _A_RF1AIN_L             0F30 
           LOCAL                   ADDRESS         
           =====                   =======         
           RF1AIN                  0F30 
           RF1AIN_H                0F31 
           RF1AIN_L                0F30 
    -------------------------------------------------------------------------
DATA16_AN
  Relative segment, address: 0F32 - 0F33 (0x2 bytes), align: 0
  Segment part 8. ROOT.       Intra module refs:   radioIsr
                                                   radioPowerOff
                                                   radioReceiveOff
                                                   radioReceiveOn
                                                   radioReset
                                                   radioTransmit
           ENTRY                   ADDRESS         REF BY
           =====                   =======         ======
           _A_RF1AIFG_L            0F32 
           LOCAL                   ADDRESS         
           =====                   =======         
           RF1AIFG                 0F32 
           RF1AIFG_H               0F33 
           RF1AIFG_L               0F32 
    -------------------------------------------------------------------------
DATA16_AN
  Relative segment, address: 0F38 - 0F39 (0x2 bytes), align: 0
  Segment part 9. ROOT.       Intra module refs:   radioIsr
           ENTRY                   ADDRESS         REF BY
           =====                   =======         ======
           _A_RF1AIV_L             0F38 
           LOCAL                   ADDRESS         
           =====                   =======         
           RF1AIV                  0F38 
           RF1AIV_H                0F39 
           RF1AIV_L                0F38 
    -------------------------------------------------------------------------
DATA16_AN
  Relative segment, address: 0340 - 0341 (0x2 bytes), align: 0
  Segment part 10. ROOT.      Intra module refs:   BSP_Delay
           ENTRY                   ADDRESS         REF BY
           =====                   =======         ======
           TA0CTL                  0340 
    -------------------------------------------------------------------------
DATA16_AN
  Relative segment, address: 0342 - 0343 (0x2 bytes), align: 0
  Segment part 11. ROOT.      Intra module refs:   BSP_Delay
           ENTRY                   ADDRESS         REF BY
           =====                   =======         ======
           TA0CCTL0                0342 
    -------------------------------------------------------------------------
DATA16_AN
  Relative segment, address: 0350 - 0351 (0x2 bytes), align: 0
  Segment part 12. ROOT.      Intra module refs:   BSP_Delay
           ENTRY                   ADDRESS         REF BY
           =====                   =======         ======
           TA0R                    0350 
    -------------------------------------------------------------------------
DATA16_AN
  Relative segment, address: 0352 - 0353 (0x2 bytes), align: 0
  Segment part 13. ROOT.      Intra module refs:   BSP_Delay
           ENTRY                   ADDRESS         REF BY
           =====                   =======         ======
           TA0CCR0                 0352 
    -------------------------------------------------------------------------
DATA16_C
  Relative segment, address: 8140 - 8199 (0x5a bytes), align: 0
  Segment part 15.            Intra module refs:   radioConfig
           ENTRY                   ADDRESS         REF BY
           =====                   =======         ======
           RF1A_REG_SMARTRF_SETTING
                                   8140 
    -------------------------------------------------------------------------
DATA16_I
  Relative segment, address: 1E60 - 1F87 (0x128 bytes), align: 1
  Segment part 16.            Intra module refs:   radioIsr
           ENTRY                   ADDRESS         REF BY
           =====                   =======         ======
           radio1                  1E60            opInit (apOperationMachine)
                                                   serialProcessBuffRx (serial)
    -------------------------------------------------------------------------
<CODE> 1 (was CODE)
  Relative segment, address: 9E94 - 9F1F (0x8c bytes), align: 1
  Segment part 32.            Intra module refs:   Segment part 17
           ENTRY                   ADDRESS         REF BY
           =====                   =======         ======
           radioInit               9E94 
               calls indirect
               CSTACK = 00000000 ( 00000006 )
    -------------------------------------------------------------------------
<CODE> 1 (was CODE)
  Relative segment, address: A666 - A671 (0xc bytes), align: 1
  Segment part 31.            Intra module refs:   radioInit
           ENTRY                   ADDRESS         REF BY
           =====                   =======         ======
           radioPowerOff           A666 
               calls direct
               CSTACK = 00000000 ( 00000004 )
    -------------------------------------------------------------------------
<CODE> 1 (was CODE)
  Relative segment, address: A1F4 - A22D (0x3a bytes), align: 1
  Segment part 30.            Intra module refs:   radioInit
           ENTRY                   ADDRESS         REF BY
           =====                   =======         ======
           radioReset              A1F4 
               calls direct
               CSTACK = 00000000 ( 00000006 )
    -------------------------------------------------------------------------
<CODE> 1 (was CODE)
  Relative segment, address: 9FA8 - A02B (0x84 bytes), align: 1
  Segment part 29.            Intra module refs:   radioInit
           ENTRY                   ADDRESS         REF BY
           =====                   =======         ======
           radioConfig             9FA8 
               calls direct
               CSTACK = 00000000 ( 00000004 )
    -------------------------------------------------------------------------
<CODE> 1 (was CODE)
  Relative segment, address: A646 - A655 (0x10 bytes), align: 1
  Segment part 28.            Intra module refs:   radioInit
           ENTRY                   ADDRESS         REF BY
           =====                   =======         ======
           radioReceiveOn          A646 
               calls direct
               CSTACK = 00000000 ( 00000004 )
    -------------------------------------------------------------------------
<CODE> 1 (was CODE)
  Relative segment, address: A54C - A56B (0x20 bytes), align: 1
  Segment part 27.            Intra module refs:   radioInit
           ENTRY                   ADDRESS         REF BY
           =====                   =======         ======
           radioReceiveOff         A54C 
               calls direct
               CSTACK = 00000000 ( 00000004 )
    -------------------------------------------------------------------------
<CODE> 1 (was CODE)
  Relative segment, address: 9D62 - 9DFF (0x9e bytes), align: 1
  Segment part 26.            Intra module refs:   radioInit
           ENTRY                   ADDRESS         REF BY
           =====                   =======         ======
           radioTransmit           9D62 
               calls direct and indirect
               CSTACK = 00000000 ( 00000008 )
    -------------------------------------------------------------------------
<CODE> 1 (was CODE)
  Relative segment, address: A1AE - A1F3 (0x46 bytes), align: 1
  Segment part 25.            Intra module refs:   radioInit
           ENTRY                   ADDRESS         REF BY
           =====                   =======         ======
           radioGetData            A1AE 
               CSTACK = 00000000 ( 0000000C )
    -------------------------------------------------------------------------
<CODE> 1 (was CODE)
  Relative segment, address: 990C - 99CF (0xc4 bytes), align: 1
  Segment part 24.            Intra module refs:   radioInit
           ENTRY                   ADDRESS         REF BY
           =====                   =======         ======
           radioIsr                990C 
               calls direct and indirect
               CSTACK = 00000000 ( 0000000C )
    -------------------------------------------------------------------------
<CODE> 1 (was CODE)
  Relative segment, address: A448 - A46F (0x28 bytes), align: 1
  Segment part 23.            Intra module refs:   radioStrobe
                                                   radioTransmit
           ENTRY                   ADDRESS         REF BY
           =====                   =======         ======
           BSP_Delay               A448 
               CSTACK = 00000000 ( 00000004 )
    -------------------------------------------------------------------------
<CODE> 1 (was CODE)
  Relative segment, address: A02C - A0A3 (0x78 bytes), align: 1
  Segment part 22.            Intra module refs:   radioPowerOff
                                                   radioReceiveOff
                                                   radioReceiveOn
                                                   radioReset
                                                   radioTransmit
           ENTRY                   ADDRESS         REF BY
           =====                   =======         ======
           radioStrobe             A02C 
               calls direct
               CSTACK = 00000000 ( 00000008 )
    -------------------------------------------------------------------------
<CODE> 1 (was CODE)
  Relative segment, address: A52A - A54B (0x22 bytes), align: 1
  Segment part 21.            Intra module refs:   radioConfig
                                                   radioStrobe
           ENTRY                   ADDRESS         REF BY
           =====                   =======         ======
           radioWriteReg           A52A 
               CSTACK = 00000000 ( 00000004 )
    -------------------------------------------------------------------------
<CODE> 1 (was CODE)
  Relative segment, address: A22E - A261 (0x34 bytes), align: 1
  Segment part 20.            Intra module refs:   radioIsr
                                                   radioStrobe
           ENTRY                   ADDRESS         REF BY
           =====                   =======         ======
           radioReadReg            A22E 
               CSTACK = 00000000 ( 00000004 )
    -------------------------------------------------------------------------
<CODE> 1 (was CODE)
  Relative segment, address: A470 - A495 (0x26 bytes), align: 1
  Segment part 19.            Intra module refs:   radioIsr
           ENTRY                   ADDRESS         REF BY
           =====                   =======         ======
           radioReadRxFifo         A470 
               CSTACK = 00000000 ( 00000004 )
    -------------------------------------------------------------------------
<CODE> 1 (was CODE)
  Relative segment, address: A34A - A375 (0x2c bytes), align: 1
  Segment part 18.            Intra module refs:   radioTransmit
           ENTRY                   ADDRESS         REF BY
           =====                   =======         ======
           radioWriteTxFifo        A34A 
               CSTACK = 00000000 ( 00000004 )
    -------------------------------------------------------------------------
DATA16_ID
  Relative segment, address: 83E2 - 8509 (0x128 bytes), align: 1
  Segment part 17.            Intra module refs:   radio1

    *************************************************************************

  FILE NAME : C:\Users\embarc\Documents\Projetos\Innovix\Firmware\Wireless\AccessPoint\Obj\scrambler.r43
  PROGRAM MODULE, NAME : scrambler

  SEGMENTS IN THE MODULE
  ======================
<CODE> 1 (was CODE)
  Relative segment, address: 9A94 - 9B55 (0xc2 bytes), align: 1
  Segment part 3.
           ENTRY                   ADDRESS         REF BY
           =====                   =======         ======
           scrambler               9A94            opRun (apOperationMachine)
               CSTACK = 00000000 ( 00000014 )
    -------------------------------------------------------------------------
<CODE> 1 (was CODE)
  Relative segment, address: 99D0 - 9A93 (0xc4 bytes), align: 1
  Segment part 2.
           ENTRY                   ADDRESS         REF BY
           =====                   =======         ======
           descrambler             99D0            opRun (apOperationMachine)
               CSTACK = 00000000 ( 00000014 )

    *************************************************************************

  FILE NAME : C:\Users\embarc\Documents\Projetos\Innovix\Firmware\Wireless\AccessPoint\Obj\serial.r43
  PROGRAM MODULE, NAME : serial

  SEGMENTS IN THE MODULE
  ======================
DATA16_I
  Relative segment, address: 1F88 - 1FD7 (0x50 bytes), align: 1
  Segment part 2.
           ENTRY                   ADDRESS         REF BY
           =====                   =======         ======
           serial1                 1F88            opInit (apOperationMachine)
    -------------------------------------------------------------------------
<CODE> 1 (was CODE)
  Relative segment, address: 9C0E - 9CB7 (0xaa bytes), align: 1
  Segment part 12.            Intra module refs:   Segment part 3
           ENTRY                   ADDRESS         REF BY
           =====                   =======         ======
           serialInit              9C0E 
               calls indirect
               CSTACK = 00000000 ( 0000000E )
    -------------------------------------------------------------------------
<CODE> 1 (was CODE)
  Relative segment, address: 95B8 - 96F5 (0x13e bytes), align: 1
  Segment part 11.            Intra module refs:   serialInit
           ENTRY                   ADDRESS         REF BY
           =====                   =======         ======
           serialTransmit          95B8 
               calls direct and indirect
               CSTACK = 00000000 ( 0000001E )
    -------------------------------------------------------------------------
<CODE> 1 (was CODE)
  Relative segment, address: 9346 - 95B7 (0x272 bytes), align: 1
  Segment part 10.            Intra module refs:   serialInit
           ENTRY                   ADDRESS         REF BY
           =====                   =======         ======
           serialProcessBuffRx     9346 
               calls indirect
               CSTACK = 00000000 ( 00000008 )
    -------------------------------------------------------------------------
<CODE> 1 (was CODE)
  Relative segment, address: A61E - A633 (0x16 bytes), align: 1
  Segment part 9.             Intra module refs:   serialInit
           ENTRY                   ADDRESS         REF BY
           =====                   =======         ======
           serialPutMessage        A61E 
               CSTACK = 00000000 ( 00000004 )
    -------------------------------------------------------------------------
<CODE> 1 (was CODE)
  Relative segment, address: A4E2 - A507 (0x26 bytes), align: 1
  Segment part 8.             Intra module refs:   serialInit
           ENTRY                   ADDRESS         REF BY
           =====                   =======         ======
           serialGetMessage        A4E2 
               CSTACK = 00000000 ( 00000004 )
    -------------------------------------------------------------------------
<CODE> 1 (was CODE)
  Relative segment, address: A672 - A67B (0xa bytes), align: 1
  Segment part 7.             Intra module refs:   serialInit
           ENTRY                   ADDRESS         REF BY
           =====                   =======         ======
           serialClearMessages     A672 
               CSTACK = 00000000 ( 00000004 )
    -------------------------------------------------------------------------
<CODE> 1 (was CODE)
  Relative segment, address: A5A6 - A5BF (0x1a bytes), align: 1
  Segment part 6.             Intra module refs:   serialInit
           ENTRY                   ADDRESS         REF BY
           =====                   =======         ======
           serialReset             A5A6 
               CSTACK = 00000000 ( 00000004 )
    -------------------------------------------------------------------------
DATA16_C
  Relative segment, address: 819A - 81A9 (0x10 bytes), align: 0
  Segment part 4.             Intra module refs:   IDtoASCII
           ENTRY                   ADDRESS         REF BY
           =====                   =======         ======
           nibbleToASCII           819A 
    -------------------------------------------------------------------------
<CODE> 1 (was CODE)
  Relative segment, address: A31C - A349 (0x2e bytes), align: 1
  Segment part 5.             Intra module refs:   serialTransmit
           ENTRY                   ADDRESS         REF BY
           =====                   =======         ======
           IDtoASCII               A31C 
               CSTACK = 00000000 ( 00000004 )
    -------------------------------------------------------------------------
DATA16_ID
  Relative segment, address: 850A - 8559 (0x50 bytes), align: 1
  Segment part 3.             Intra module refs:   serial1

    *************************************************************************

  FILE NAME : C:\Users\embarc\Documents\Projetos\Innovix\Firmware\Wireless\AccessPoint\Obj\uart.r43
  PROGRAM MODULE, NAME : uart

  SEGMENTS IN THE MODULE
  ======================
DATA16_AN
  Relative segment, address: 020A - 020B (0x2 bytes), align: 0
  Segment part 2. ROOT.       Intra module refs:   uartInit
           ENTRY                   ADDRESS         REF BY
           =====                   =======         ======
           _A_PASEL_L              020A 
           LOCAL                   ADDRESS         
           =====                   =======         
           PASEL                   020A 
           PASEL_H                 020B 
           PASEL_L                 020A 
    -------------------------------------------------------------------------
DATA16_AN
  Relative segment, address: 05C0 - 05C1 (0x2 bytes), align: 0
  Segment part 3. ROOT.       Intra module refs:   uartConfig
                                                   uartStart
                                                   uartStop
           ENTRY                   ADDRESS         REF BY
           =====                   =======         ======
           _A_UCA0CTLW0_L          05C0 
           LOCAL                   ADDRESS         
           =====                   =======         
           UCA0CTLW0               05C0 
           UCA0CTLW0_H             05C1 
           UCA0CTLW0_L             05C0 
    -------------------------------------------------------------------------
DATA16_AN
  Relative segment, address: 05C6 - 05C7 (0x2 bytes), align: 0
  Segment part 4. ROOT.       Intra module refs:   uartConfig
           ENTRY                   ADDRESS         REF BY
           =====                   =======         ======
           _A_UCA0BRW_L            05C6 
           LOCAL                   ADDRESS         
           =====                   =======         
           UCA0BRW                 05C6 
           UCA0BRW_H               05C7 
           UCA0BRW_L               05C6 
    -------------------------------------------------------------------------
DATA16_AN
  Relative segment, address: 05CC - 05CC (0x1 bytes), align: 0
  Segment part 5. ROOT.       Intra module refs:   radioInterrupt
           ENTRY                   ADDRESS         REF BY
           =====                   =======         ======
           UCA0RXBUF               05CC 
    -------------------------------------------------------------------------
DATA16_AN
  Relative segment, address: 05CE - 05CE (0x1 bytes), align: 0
  Segment part 6. ROOT.       Intra module refs:   radioInterrupt
                                                   uartPutBuffTx
           ENTRY                   ADDRESS         REF BY
           =====                   =======         ======
           UCA0TXBUF               05CE 
    -------------------------------------------------------------------------
DATA16_AN
  Relative segment, address: 05DC - 05DD (0x2 bytes), align: 0
  Segment part 7. ROOT.       Intra module refs:   radioInterrupt
                                                   uartPutBuffTx
                                                   uartStart
           ENTRY                   ADDRESS         REF BY
           =====                   =======         ======
           _A_UCA0ICTL_L           05DC 
           LOCAL                   ADDRESS         
           =====                   =======         
           UCA0ICTL                05DC 
           UCA0ICTL_H              05DD 
           UCA0ICTL_L              05DC 
    -------------------------------------------------------------------------
DATA16_AN
  Relative segment, address: 05DE - 05DF (0x2 bytes), align: 0
  Segment part 8. ROOT.       Intra module refs:   radioInterrupt
           ENTRY                   ADDRESS         REF BY
           =====                   =======         ======
           UCA0IV                  05DE 
    -------------------------------------------------------------------------
DATA16_I
  Relative segment, address: 1FD8 - 2289 (0x2b2 bytes), align: 1
  Segment part 11.            Intra module refs:   radioInterrupt
           ENTRY                   ADDRESS         REF BY
           =====                   =======         ======
           uart1                   1FD8            serialInit (serial)
    -------------------------------------------------------------------------
<CODE> 1 (was CODE)
  Relative segment, address: 9F20 - 9FA7 (0x88 bytes), align: 1
  Segment part 22.            Intra module refs:   Segment part 12
           ENTRY                   ADDRESS         REF BY
           =====                   =======         ======
           uartInit                9F20 
               calls indirect
               CSTACK = 00000000 ( 00000004 )
    -------------------------------------------------------------------------
<CODE> 1 (was CODE)
  Relative segment, address: 9CB8 - 9D61 (0xaa bytes), align: 1
  Segment part 21.            Intra module refs:   uartInit
           ENTRY                   ADDRESS         REF BY
           =====                   =======         ======
           uartConfig              9CB8 
               CSTACK = 00000000 ( 00000006 )
    -------------------------------------------------------------------------
<CODE> 1 (was CODE)
  Relative segment, address: A656 - A665 (0x10 bytes), align: 1
  Segment part 20.            Intra module refs:   uartInit
           ENTRY                   ADDRESS         REF BY
           =====                   =======         ======
           uartStart               A656 
               CSTACK = 00000000 ( 00000004 )
    -------------------------------------------------------------------------
<CODE> 1 (was CODE)
  Relative segment, address: A2C0 - A2ED (0x2e bytes), align: 1
  Segment part 19.            Intra module refs:   uartInit
           ENTRY                   ADDRESS         REF BY
           =====                   =======         ======
           uartPutBuffTx           A2C0 
               CSTACK = 00000000 ( 00000004 )
    -------------------------------------------------------------------------
<CODE> 1 (was CODE)
  Relative segment, address: A4BC - A4E1 (0x26 bytes), align: 1
  Segment part 18.            Intra module refs:   uartInit
           ENTRY                   ADDRESS         REF BY
           =====                   =======         ======
           uartGetBuffTx           A4BC 
               CSTACK = 00000000 ( 00000004 )
    -------------------------------------------------------------------------
<CODE> 1 (was CODE)
  Relative segment, address: A608 - A61D (0x16 bytes), align: 1
  Segment part 17.            Intra module refs:   uartInit
           ENTRY                   ADDRESS         REF BY
           =====                   =======         ======
           uartPutBuffRx           A608 
               CSTACK = 00000000 ( 00000004 )
    -------------------------------------------------------------------------
<CODE> 1 (was CODE)
  Relative segment, address: A496 - A4BB (0x26 bytes), align: 1
  Segment part 16.            Intra module refs:   uartInit
           ENTRY                   ADDRESS         REF BY
           =====                   =======         ======
           uartGetBuffRx           A496 
               CSTACK = 00000000 ( 00000004 )
    -------------------------------------------------------------------------
<CODE> 1 (was CODE)
  Relative segment, address: A686 - A68F (0xa bytes), align: 1
  Segment part 15.            Intra module refs:   uartInit
           ENTRY                   ADDRESS         REF BY
           =====                   =======         ======
           uartStop                A686 
               CSTACK = 00000000 ( 00000004 )
    -------------------------------------------------------------------------
<CODE> 1 (was CODE)
  Relative segment, address: A5C0 - A5D9 (0x1a bytes), align: 1
  Segment part 14.            Intra module refs:   uartInit
           ENTRY                   ADDRESS         REF BY
           =====                   =======         ======
           uartReset               A5C0 
               CSTACK = 00000000 ( 00000004 )
    -------------------------------------------------------------------------
ISR_CODE
  Relative segment, address: 887C - 88B7 (0x3c bytes), align: 1
  Segment part 13.            Intra module refs:   radioInterrupt::??INTVEC 116
           ENTRY                   ADDRESS         REF BY
           =====                   =======         ======
           radioInterrupt          887C 
               interrupt function
               calls indirect
               CSTACK = 00000000 ( 00000012 )
    -------------------------------------------------------------------------
INTVEC
  Common segment, address: FF80 - FFF5 (0x76 bytes), align: 1
  Segment part 9. ROOT.
           ENTRY                   ADDRESS         REF BY
           =====                   =======         ======
           radioInterrupt::??INTVEC 116
                                   FFF4 
    -------------------------------------------------------------------------
DATA16_ID
  Relative segment, address: 855A - 880B (0x2b2 bytes), align: 1
  Segment part 12.            Intra module refs:   uart1

    *************************************************************************

  FILE NAME : C:\Users\embarc\Documents\Projetos\Innovix\Firmware\Wireless\AccessPoint\Obj\watchdog.r43
  PROGRAM MODULE, NAME : watchdog

  SEGMENTS IN THE MODULE
  ======================
DATA16_AN
  Relative segment, address: 015C - 015D (0x2 bytes), align: 0
  Segment part 1. ROOT.       Intra module refs:   wdtClear
                                                   wdtStop
           ENTRY                   ADDRESS         REF BY
           =====                   =======         ======
           _A_WDTCTL_L             015C 
           LOCAL                   ADDRESS         
           =====                   =======         
           WDTCTL                  015C 
           WDTCTL_H                015D 
           WDTCTL_L                015C 
    -------------------------------------------------------------------------
<CODE> 1 (was CODE)
  Relative segment, address: A698 - A69F (0x8 bytes), align: 1
  Segment part 5.
           ENTRY                   ADDRESS         REF BY
           =====                   =======         ======
           wdtStop                 A698            main (main)
               CSTACK = 00000000 ( 00000004 )
    -------------------------------------------------------------------------
<CODE> 1 (was CODE)
  Relative segment, address: A690 - A697 (0x8 bytes), align: 1
  Segment part 4.
           ENTRY                   ADDRESS         REF BY
           =====                   =======         ======
           wdtClear                A690            main (main)
               CSTACK = 00000000 ( 00000004 )

    *************************************************************************

  FILE NAME : C:\Program Files (x86)\IAR Systems\Embedded Workbench 6.5\430\LIB\DLIB\dl430xsfn.r43
  LIBRARY MODULE, NAME : ?__dbg_break

  SEGMENTS IN THE MODULE
  ======================
<CODE> 1 (was CODE)
  Relative segment, address: A6BE - A6BF (0x2 bytes), align: 1
  Segment part 2.
           ENTRY                   ADDRESS         REF BY
           =====                   =======         ======
           __DebugBreak            A6BE            __exit (?__exit)

    -------------------------------------------------------------------------
  LIBRARY MODULE, NAME : ?__exit

  SEGMENTS IN THE MODULE
  ======================
<CODE> 1 (was CODE)
  Relative segment, address: A5DA - A5F1 (0x18 bytes), align: 1
  Segment part 2.
           ENTRY                   ADDRESS         REF BY
           =====                   =======         ======
           __exit                  A5DA            Segment part 6 (?_exit)
                                                   _exit (?_exit)
               calls direct

    -------------------------------------------------------------------------
  LIBRARY MODULE, NAME : ?_exit

  SEGMENTS IN THE MODULE
  ======================
<CODE> 1 (was CODE)
  Relative segment, address: A6A6, align: 1
  Segment part 0.
           ENTRY                   ADDRESS         REF BY
           =====                   =======         ======
           _exit                   A6A6            exit (?exit)
    -------------------------------------------------------------------------
<CODE> 1 (was CODE)
  Relative segment, address: A6A6 - A6A9 (0x4 bytes), align: 1
  Segment part 6.             Intra module refs:   _exit

    -------------------------------------------------------------------------
  LIBRARY MODULE, NAME : ?cstart

  SEGMENTS IN THE MODULE
  ======================
CSTACK
  Relative segment, address: 2BAE, align: 1
  Segment part 1.
    -------------------------------------------------------------------------
DATA16_I
  Relative segment, address: 228A, align: 1
  Segment part 3.
    -------------------------------------------------------------------------
DATA16_ID
  Relative segment, address: 880C, align: 1
  Segment part 4.
    -------------------------------------------------------------------------
CSTART
  Relative segment, address: 8852 - 8855 (0x4 bytes), align: 1
  Segment part 12.
           ENTRY                   ADDRESS         REF BY
           =====                   =======         ======
           __program_start         8852            ?reset_vector (?reset_vector)
                                                   Absolute parts (?ABS_ENTRY_MOD)
           ?cstart_begin           8852 
    -------------------------------------------------------------------------
CSTART
  Relative segment, address: 8856 - 8865 (0x10 bytes), align: 1
  Segment part 16.
           ENTRY                   ADDRESS         REF BY
           =====                   =======         ======
           ?cstart_init_copy       8856            discoveryAckPkg (apOperationMachine)
                                                   flashParam (flashParam)
                                                   operationMachine (apOperationMachine)
                                                   radio1 (radio)
                                                   serial1 (serial)
                                                   statusAckPkg (apOperationMachine)
                                                   uart1 (uart)
    -------------------------------------------------------------------------
CSTART
  Relative segment, address: 8866 - 886D (0x8 bytes), align: 1
  Segment part 22.            Intra module refs:   Segment part 12
           ENTRY                   ADDRESS         REF BY
           =====                   =======         ======
           ?cstart_call_main       8866 
           ?cstart_end             886E 

    -------------------------------------------------------------------------
  LIBRARY MODULE, NAME : ?reset_vector

  SEGMENTS IN THE MODULE
  ======================
RESET
  Relative segment, address: FFFE - FFFF (0x2 bytes), align: 1
  Segment part 0.
           ENTRY                   ADDRESS         REF BY
           =====                   =======         ======
           ?reset_vector           FFFE            Segment part 12 (?cstart)

    -------------------------------------------------------------------------
  LIBRARY MODULE, NAME : ?exit

  SEGMENTS IN THE MODULE
  ======================
<CODE> 1 (was CODE)
  Relative segment, address: A6AA - A6AD (0x4 bytes), align: 1
  Segment part 2.
           ENTRY                   ADDRESS         REF BY
           =====                   =======         ======
           exit                    A6AA            Segment part 22 (?cstart)
               calls direct
               CSTACK = 00000000 ( 00000004 )

    -------------------------------------------------------------------------
  LIBRARY MODULE, NAME : ?DivMod816u

  SEGMENTS IN THE MODULE
  ======================
<CODE> 1 (was CODE)
  Relative segment, address: A58A - A5A5 (0x1c bytes), align: 1
  Segment part 0.
           ENTRY                   ADDRESS         REF BY
           =====                   =======         ======
           ?DivMod8u               A58A            opRun (apOperationMachine)
           ?DivMod16u              A58E 

    -------------------------------------------------------------------------
  LIBRARY MODULE, NAME : ?memcpy

  SEGMENTS IN THE MODULE
  ======================
<CODE> 1 (was CODE)
  Relative segment, address: A634 - A645 (0x12 bytes), align: 1
  Segment part 2.
           ENTRY                   ADDRESS         REF BY
           =====                   =======         ======
           memcpy                  A634            __data16_memcpy (?memzero)
               CSTACK = 00000000 ( 00000004 )

    -------------------------------------------------------------------------
  LIBRARY MODULE, NAME : ?memzero

  SEGMENTS IN THE MODULE
  ======================
<CODE> 1 (was CODE)
  Relative segment, address: A6BA - A6BD (0x4 bytes), align: 1
  Segment part 3.
           ENTRY                   ADDRESS         REF BY
           =====                   =======         ======
           __data16_memcpy         A6BA            ?cstart_init_copy (?cstart)
               calls direct
               CSTACK = 00000000 ( 00000004 )

    -------------------------------------------------------------------------
  LIBRARY MODULE, NAME : ?IndCallR9

  SEGMENTS IN THE MODULE
  ======================
<CODE> 1 (was CODE)
  Relative segment, address: A6B6 - A6B9 (0x4 bytes), align: 1
  Segment part 0.
           ENTRY                   ADDRESS         REF BY
           =====                   =======         ======
           ?IndCallR9              A6B6            opRun (apOperationMachine)
                                                   serialInit (serial)

    -------------------------------------------------------------------------
  LIBRARY MODULE, NAME : ?IndCallR15

  SEGMENTS IN THE MODULE
  ======================
<CODE> 1 (was CODE)
  Relative segment, address: A6B2 - A6B5 (0x4 bytes), align: 1
  Segment part 0.
           ENTRY                   ADDRESS         REF BY
           =====                   =======         ======
           ?IndCallR15             A6B2            opInit (apOperationMachine)
                                                   opRun (apOperationMachine)
                                                   opSensorErase (apOperationMachine)
                                                   opSensorWrite (apOperationMachine)
                                                   opSetState (apOperationMachine)
                                                   radioInit (radio)
                                                   radioTransmit (radio)
                                                   serialInit (serial)
                                                   serialProcessBuffRx (serial)
                                                   serialTransmit (serial)
                                                   uartInit (uart)




                ****************************************
                *                                      *
                *      SEGMENTS IN ADDRESS ORDER       *
                *                                      *
                ****************************************


SEGMENT              SPACE    START ADDRESS   END ADDRESS     SIZE  TYPE  ALIGN
=======              =====    =============   ===========     ====  ====  =====
DATA16_AN                              0102 - 0103               2   rel    0
                                       0120 - 0121               2 
                                       0124 - 0127               4 
                                       012C - 012D               2 
                                       0140 - 0141               2 
                                       0144 - 0145               2 
                                       015C - 015D               2 
                                       0160 - 0169               A 
                                       016E - 016F               2 
                                       0202 - 0205               4 
                                       020A - 020B               2 
                                       0222 - 0225               4 
                                       0242 - 0245               4 
                                       0322 - 0325               4 
                                       0340 - 0343               4 
                                       0350 - 0353               4 
                                       0380 - 0383               4 
                                       0392 - 0393               2 
                                       05C0 - 05C1               2 
                                       05C6 - 05C7               2 
                                       05CC - 05CC               1 
                                       05CE - 05CE               1 
                                       05DC - 05DF               4 
                                       0F02 - 0F03               2 
                                       0F06 - 0F07               2 
                                       0F10 - 0F13               4 
                                       0F20 - 0F23               4 
                                       0F30 - 0F33               4 
                                       0F38 - 0F39               2 
RAMCODE                                1C00 - 1C27              28   rel    1
DATA16_I                               1C28 - 22A7             680   rel    1
CSTACK                                 2BAE - 2BFD              50   rel    1
DATA16_C                               8000 - 81A9             1AA   rel    1
DATA16_ID                              81AA - 8829             680   rel    1
FLASHCODE                              882A - 8851              28   rel    1
CSTART                                 8852 - 886D              1C   rel    1
ISR_CODE                               886E - 88B7              4A   rel    1
<CODE> 1                               88B8 - A6BF            1E08   rel    1
INTVEC                                 FF80 - FFF5              76   com    1
RESET                                  FFFE - FFFF               2   rel    1

                ****************************************
                *                                      *
                *        END OF CROSS REFERENCE        *
                *                                      *
                ****************************************

 7 950 bytes of CODE  memory
 1 784 bytes of DATA  memory (+ 88 absolute )
 2 090 bytes of CONST memory

Errors: none
Warnings: none

